###############################################################################
#                                                                             #
# IAR ELF Linker V6.70.1.5641/W32 for ARM               11/Apr/2016  22:08:48 #
# Copyright 2007-2013 IAR Systems AB.                                         #
#                                                                             #
#    Output file  =  C:\Users\lenovo\Desktop\·É¿¨·É¿¨\my third                #
#                    son\Prj\IAR\FN15_Debug\Exe\vcan_Kinetis.out              #
#    Map file     =  C:\Users\lenovo\Desktop\·É¿¨·É¿¨\my third                #
#                    son\Prj\IAR\FN15_Debug\List\vcan_Kinetis.map             #
#    Command line =  "C:\Users\lenovo\Desktop\·É¿¨·É¿¨\my third               #
#                    son\Prj\IAR\FN15_Debug\Obj\camera_test.o"                #
#                    "C:\Users\lenovo\Desktop\·É¿¨·É¿¨\my third               #
#                    son\Prj\IAR\FN15_Debug\Obj\diskio.o"                     #
#                    "C:\Users\lenovo\Desktop\·É¿¨·É¿¨\my third               #
#                    son\Prj\IAR\FN15_Debug\Obj\ff.o"                         #
#                    "C:\Users\lenovo\Desktop\·É¿¨·É¿¨\my third               #
#                    son\Prj\IAR\FN15_Debug\Obj\main.o"                       #
#                    "C:\Users\lenovo\Desktop\·É¿¨·É¿¨\my third               #
#                    son\Prj\IAR\FN15_Debug\Obj\misc.o"                       #
#                    "C:\Users\lenovo\Desktop\·É¿¨·É¿¨\my third               #
#                    son\Prj\IAR\FN15_Debug\Obj\MK60_adc.o"                   #
#                    "C:\Users\lenovo\Desktop\·É¿¨·É¿¨\my third               #
#                    son\Prj\IAR\FN15_Debug\Obj\MK60_can.o"                   #
#                    "C:\Users\lenovo\Desktop\·É¿¨·É¿¨\my third               #
#                    son\Prj\IAR\FN15_Debug\Obj\MK60_conf.o"                  #
#                    "C:\Users\lenovo\Desktop\·É¿¨·É¿¨\my third               #
#                    son\Prj\IAR\FN15_Debug\Obj\MK60_dac.o"                   #
#                    "C:\Users\lenovo\Desktop\·É¿¨·É¿¨\my third               #
#                    son\Prj\IAR\FN15_Debug\Obj\MK60_dma.o"                   #
#                    "C:\Users\lenovo\Desktop\·É¿¨·É¿¨\my third               #
#                    son\Prj\IAR\FN15_Debug\Obj\MK60_DWT.o"                   #
#                    "C:\Users\lenovo\Desktop\·É¿¨·É¿¨\my third               #
#                    son\Prj\IAR\FN15_Debug\Obj\MK60_flash.o"                 #
#                    "C:\Users\lenovo\Desktop\·É¿¨·É¿¨\my third               #
#                    son\Prj\IAR\FN15_Debug\Obj\MK60_flexbus.o"               #
#                    "C:\Users\lenovo\Desktop\·É¿¨·É¿¨\my third               #
#                    son\Prj\IAR\FN15_Debug\Obj\MK60_ftm.o"                   #
#                    "C:\Users\lenovo\Desktop\·É¿¨·É¿¨\my third               #
#                    son\Prj\IAR\FN15_Debug\Obj\MK60_gpio.o"                  #
#                    "C:\Users\lenovo\Desktop\·É¿¨·É¿¨\my third               #
#                    son\Prj\IAR\FN15_Debug\Obj\MK60_i2c.o"                   #
#                    "C:\Users\lenovo\Desktop\·É¿¨·É¿¨\my third               #
#                    son\Prj\IAR\FN15_Debug\Obj\MK60_it.o"                    #
#                    "C:\Users\lenovo\Desktop\·É¿¨·É¿¨\my third               #
#                    son\Prj\IAR\FN15_Debug\Obj\MK60_lptmr.o"                 #
#                    "C:\Users\lenovo\Desktop\·É¿¨·É¿¨\my third               #
#                    son\Prj\IAR\FN15_Debug\Obj\MK60_mcg.o"                   #
#                    "C:\Users\lenovo\Desktop\·É¿¨·É¿¨\my third               #
#                    son\Prj\IAR\FN15_Debug\Obj\MK60_PIT.o"                   #
#                    "C:\Users\lenovo\Desktop\·É¿¨·É¿¨\my third               #
#                    son\Prj\IAR\FN15_Debug\Obj\MK60_port.o"                  #
#                    "C:\Users\lenovo\Desktop\·É¿¨·É¿¨\my third               #
#                    son\Prj\IAR\FN15_Debug\Obj\MK60_rtc.o"                   #
#                    "C:\Users\lenovo\Desktop\·É¿¨·É¿¨\my third               #
#                    son\Prj\IAR\FN15_Debug\Obj\MK60_sdhc.o"                  #
#                    "C:\Users\lenovo\Desktop\·É¿¨·É¿¨\my third               #
#                    son\Prj\IAR\FN15_Debug\Obj\MK60_spi.o"                   #
#                    "C:\Users\lenovo\Desktop\·É¿¨·É¿¨\my third               #
#                    son\Prj\IAR\FN15_Debug\Obj\MK60_SysTick.o"               #
#                    "C:\Users\lenovo\Desktop\·É¿¨·É¿¨\my third               #
#                    son\Prj\IAR\FN15_Debug\Obj\MK60_uart.o"                  #
#                    "C:\Users\lenovo\Desktop\·É¿¨·É¿¨\my third               #
#                    son\Prj\IAR\FN15_Debug\Obj\MK60_usb.o"                   #
#                    "C:\Users\lenovo\Desktop\·É¿¨·É¿¨\my third               #
#                    son\Prj\IAR\FN15_Debug\Obj\MK60_wdog.o"                  #
#                    "C:\Users\lenovo\Desktop\·É¿¨·É¿¨\my third               #
#                    son\Prj\IAR\FN15_Debug\Obj\motor.o"                      #
#                    "C:\Users\lenovo\Desktop\·É¿¨·É¿¨\my third               #
#                    son\Prj\IAR\FN15_Debug\Obj\OLED.o"                       #
#                    "C:\Users\lenovo\Desktop\·É¿¨·É¿¨\my third               #
#                    son\Prj\IAR\FN15_Debug\Obj\servo.o"                      #
#                    "C:\Users\lenovo\Desktop\·É¿¨·É¿¨\my third               #
#                    son\Prj\IAR\FN15_Debug\Obj\startup_MK60DZ10.o"           #
#                    "C:\Users\lenovo\Desktop\·É¿¨·É¿¨\my third               #
#                    son\Prj\IAR\FN15_Debug\Obj\system_MK60DZ10.o"            #
#                    "C:\Users\lenovo\Desktop\·É¿¨·É¿¨\my third               #
#                    son\Prj\IAR\FN15_Debug\Obj\USB.o"                        #
#                    "C:\Users\lenovo\Desktop\·É¿¨·É¿¨\my third               #
#                    son\Prj\IAR\FN15_Debug\Obj\USB_CDC.o"                    #
#                    "C:\Users\lenovo\Desktop\·É¿¨·É¿¨\my third               #
#                    son\Prj\IAR\FN15_Debug\Obj\VCAN_ASCII.o"                 #
#                    "C:\Users\lenovo\Desktop\·É¿¨·É¿¨\my third               #
#                    son\Prj\IAR\FN15_Debug\Obj\VCAN_BMP.o"                   #
#                    "C:\Users\lenovo\Desktop\·É¿¨·É¿¨\my third               #
#                    son\Prj\IAR\FN15_Debug\Obj\VCAN_camera.o"                #
#                    "C:\Users\lenovo\Desktop\·É¿¨·É¿¨\my third               #
#                    son\Prj\IAR\FN15_Debug\Obj\VCAN_computer.o"              #
#                    "C:\Users\lenovo\Desktop\·É¿¨·É¿¨\my third               #
#                    son\Prj\IAR\FN15_Debug\Obj\vcan_img2sd.o"                #
#                    "C:\Users\lenovo\Desktop\·É¿¨·É¿¨\my third               #
#                    son\Prj\IAR\FN15_Debug\Obj\VCAN_key.o"                   #
#                    "C:\Users\lenovo\Desktop\·É¿¨·É¿¨\my third               #
#                    son\Prj\IAR\FN15_Debug\Obj\VCAN_key_event.o"             #
#                    "C:\Users\lenovo\Desktop\·É¿¨·É¿¨\my third               #
#                    son\Prj\IAR\FN15_Debug\Obj\VCAN_LCD.o"                   #
#                    "C:\Users\lenovo\Desktop\·É¿¨·É¿¨\my third               #
#                    son\Prj\IAR\FN15_Debug\Obj\VCAN_LCD_CH.o"                #
#                    "C:\Users\lenovo\Desktop\·É¿¨·É¿¨\my third               #
#                    son\Prj\IAR\FN15_Debug\Obj\VCAN_LCD_ILI9341.o"           #
#                    "C:\Users\lenovo\Desktop\·É¿¨·É¿¨\my third               #
#                    son\Prj\IAR\FN15_Debug\Obj\VCAN_LCD_ST7735R.o"           #
#                    "C:\Users\lenovo\Desktop\·É¿¨·É¿¨\my third               #
#                    son\Prj\IAR\FN15_Debug\Obj\VCAN_LCD_ST7735S.o"           #
#                    "C:\Users\lenovo\Desktop\·É¿¨·É¿¨\my third               #
#                    son\Prj\IAR\FN15_Debug\Obj\VCAN_LED.o"                   #
#                    "C:\Users\lenovo\Desktop\·É¿¨·É¿¨\my third               #
#                    son\Prj\IAR\FN15_Debug\Obj\VCAN_MMA7455.o"               #
#                    "C:\Users\lenovo\Desktop\·É¿¨·É¿¨\my third               #
#                    son\Prj\IAR\FN15_Debug\Obj\VCAN_NRF24L0.o"               #
#                    "C:\Users\lenovo\Desktop\·É¿¨·É¿¨\my third               #
#                    son\Prj\IAR\FN15_Debug\Obj\VCAN_NRF24L0_MSG.o"           #
#                    "C:\Users\lenovo\Desktop\·É¿¨·É¿¨\my third               #
#                    son\Prj\IAR\FN15_Debug\Obj\VCAN_OV7725_Eagle.o"          #
#                    "C:\Users\lenovo\Desktop\·É¿¨·É¿¨\my third               #
#                    son\Prj\IAR\FN15_Debug\Obj\VCAN_OV7725_Wolf.o"           #
#                    "C:\Users\lenovo\Desktop\·É¿¨·É¿¨\my third               #
#                    son\Prj\IAR\FN15_Debug\Obj\VCAN_RTC_count.o"             #
#                    "C:\Users\lenovo\Desktop\·É¿¨·É¿¨\my third               #
#                    son\Prj\IAR\FN15_Debug\Obj\VCAN_SCCB.o"                  #
#                    "C:\Users\lenovo\Desktop\·É¿¨·É¿¨\my third               #
#                    son\Prj\IAR\FN15_Debug\Obj\vcan_sd_app.o"                #
#                    "C:\Users\lenovo\Desktop\·É¿¨·É¿¨\my third               #
#                    son\Prj\IAR\FN15_Debug\Obj\Vcan_touch.o"                 #
#                    "C:\Users\lenovo\Desktop\·É¿¨·É¿¨\my third               #
#                    son\Prj\IAR\FN15_Debug\Obj\VCAN_TSL1401.o"               #
#                    "C:\Users\lenovo\Desktop\·É¿¨·É¿¨\my third               #
#                    son\Prj\IAR\FN15_Debug\Obj\VCAN_UI_VAR.o"                #
#                    "C:\Users\lenovo\Desktop\·É¿¨·É¿¨\my third               #
#                    son\Prj\IAR\FN15_Debug\Obj\vectors.o" --redirect         #
#                    _Printf=_PrintfLargeNoMb --redirect                      #
#                    _Scanf=_ScanfLargeNoMb -o "C:\Users\lenovo\Desktop\·É¿¨· #
#                    É¿¨\my third son\Prj\IAR\FN15_Debug\Exe\vcan_Kinetis.out #
#                    " --map "C:\Users\lenovo\Desktop\·É¿¨·É¿¨\my third       #
#                    son\Prj\IAR\FN15_Debug\List\vcan_Kinetis.map" --config   #
#                    "C:\Users\lenovo\Desktop\·É¿¨·É¿¨\my third               #
#                    son\Prj\IAR\config files\vcan_ROM_K60N1M.icf"            #
#                    "C:\Users\lenovo\Desktop\·É¿¨·É¿¨\my third               #
#                    son\Prj\IAR\..\..\Lib\CMSIS\iar_cortexM4l_math.a"        #
#                    --entry __iar_program_start --redirect                   #
#                    __write=__write_buffered --vfe                           #
#                                                                             #
#                                                                             #
###############################################################################

*******************************************************************************
*** RUNTIME MODEL ATTRIBUTES
***

CppFlavor       = *
__SystemLibrary = DLib


*******************************************************************************
*** PLACEMENT SUMMARY
***

"A1":  place at 0x00000000 { ro section .intvec };
"A2":  place at 0x00000410 { ro section .noinit };
"P1":  place in [from 0x00000000 to 0x00100000] { ro, block CodeRelocate };
"P2":  place in [from 0x1fff0410 to 0x20010000] {
          rw, block CodeRelocateRam, block CSTACK, block HEAP };

  Section              Kind        Address    Size  Object
  -------              ----        -------    ----  ------
"A1":                                        0x410
  .intvec              const    0x00000000   0x410  vectors.o [1]
                              - 0x00000410   0x410

"P1", part 1 of 2:                             0x0
  .rodata              const    0x00000410     0x0  zero_init3.o [5]

"A2":                                          0x8
  .noinit              ro code  0x00000410     0x8  startup_MK60DZ10.o [1]
                              - 0x00000418     0x8

"P1", part 2 of 2:                          0x4da4
  .text                ro code  0x00000418   0xbf2  xprintflarge_nomb.o [3]
  .text                ro code  0x0000100a    0x22  zero_init3.o [5]
  .text                ro code  0x0000102c    0x16  strchr.o [5]
  .text                ro code  0x00001042     0xa  xsprout.o [3]
  .text                ro code  0x0000104c    0x36  strlen.o [5]
  .rodata              const    0x00001082     0x2  VCAN_camera.o [1]
  .text                ro code  0x00001084    0x58  memchr.o [5]
  .text                ro code  0x000010dc    0xee  I64DivMod.o [5]
  .rodata              const    0x000011ca     0x2  VCAN_computer.o [1]
  .text                ro code  0x000011cc    0x76  ABImemcpy_unaligned.o [5]
  .text                ro code  0x00001242    0x42  xdnorm.o [4]
  .text                ro code  0x00001284    0x2e  DblCmpLe.o [4]
  .rodata              const    0x000012b2     0x2  VCAN_computer.o [1]
  .text                ro code  0x000012b4   0x1a2  DblMul.o [4]
  .text                ro code  0x00001458   0x246  DblDiv.o [4]
  .text                ro code  0x000016a0    0x2c  DblToI32.o [4]
  .text                ro code  0x000016cc    0x1c  I32ToDbl.o [4]
  .text                ro code  0x000016e8   0x180  DblSub.o [4]
  .text                ro code  0x00001868    0x6c  localeconv.o [3]
  .text                ro code  0x000018d4     0xe  div.o [3]
  .text                ro code  0x000018e4     0x2  I64DivZer.o [5]
  .text                ro code  0x000018e8    0xd4  DblAdd.o [4]
  .text                ro code  0x000019bc     0x2  xtls.o [3]
  .data_init                    0x000019c0   0x8bc  <Block>
    Initializer bytes  ro data  0x000019c0   0x8bc  <for .data-1>
  .rodata              const    0x0000227c   0x5f0  OLED.o [1]
  .text                ro code  0x0000286c   0x514  OLED.o [1]
  .text                ro code  0x00002d80   0x128  MK60_gpio.o [1]
  .text                ro code  0x00002ea8    0x34  sprintf.o [3]
  .text                ro code  0x00002edc    0xb0  MK60_port.o [1]
  Veneer               ro code  0x00002f8c     0x8  - Linker created -
  Veneer               ro code  0x00002f94     0x8  - Linker created -
  .text                ro code  0x00002f9c   0x140  MK60_conf.o [1]
  .text                ro code  0x000030dc    0x70  VCAN_LED.o [1]
  .text                ro code  0x0000314c    0x24  printf.o [3]
  .text                ro code  0x00003170    0x64  MK60_SysTick.o [1]
  .text                ro code  0x000031d4   0x270  MK60_uart.o [1]
  .text                ro code  0x00003444    0x9c  VCAN_key.o [1]
  .text                ro code  0x000034e0   0x478  MK60_ftm.o [1]
  Veneer               ro code  0x00003958     0x8  - Linker created -
  .text                ro code  0x00003960   0x3d4  MK60_mcg.o [1]
  .text                ro code  0x00003d34   0x362  VCAN_SCCB.o [1]
  .text                ro code  0x00004098   0x284  MK60_dma.o [1]
  .text                ro code  0x0000431c   0x240  VCAN_OV7725_Eagle.o [1]
  CodeRelocate                  0x0000455c   0x1f0  <Block>
    Initializer bytes  ro data  0x0000455c   0x1f0  <for CodeRelocateRam-1>
  .text                ro code  0x0000474c   0x190  camera_test.o [1]
  .text                ro code  0x000048dc    0x50  misc.o [1]
  .text                ro code  0x0000492c    0x94  VCAN_camera.o [1]
  .text                ro code  0x000049c0    0x40  VCAN_computer.o [1]
  .rodata              const    0x00004a00   0x150  OLED.o [1]
  .text                ro code  0x00004b50   0x130  system_MK60DZ10.o [1]
  .text                ro code  0x00004c80    0x40  MK60_wdog.o [1]
  .text                ro code  0x00004cc0    0x30  main.o [1]
  .text                ro code  0x00004cf0    0x26  servo.o [1]
  .text                ro code  0x00004d16    0x20  motor.o [1]
  .rodata              const    0x00004d38    0x40  MK60_flash.o [1]
  .rodata              const    0x00004d78    0x40  MK60_SysTick.o [1]
  .rodata              const    0x00004db8    0x3c  MK60_conf.o [1]
  .rodata              const    0x00004df4    0x3c  MK60_dma.o [1]
  .rodata              const    0x00004e30    0x3c  MK60_ftm.o [1]
  .rodata              const    0x00004e6c    0x3c  MK60_gpio.o [1]
  .rodata              const    0x00004ea8    0x3c  MK60_uart.o [1]
  .rodata              const    0x00004ee4    0x38  misc.o [1]
  .text                ro code  0x00004f1c    0x38  MK60_it.o [1]
  .text                ro code  0x00004f54    0x28  data_init.o [5]
  .rodata              const    0x00004f7c    0x24  MK60_conf.o [1]
  .rodata              const    0x00004fa0    0x24  VCAN_OV7725_Eagle.o [1]
  .rodata              const    0x00004fc4    0x24  VCAN_OV7725_Eagle.o [1]
  .iar.init_table      const    0x00004fe8    0x10  - Linker created -
  .rodata              const    0x00004ff8    0x20  MK60_conf.o [1]
  .rodata              const    0x00005018    0x20  VCAN_OV7725_Eagle.o [1]
  .rodata              const    0x00005038    0x1c  OLED.o [1]
  .text                ro code  0x00005054    0x1a  fpinit_M.o [4]
  .text                ro code  0x00005070    0x1a  cmain.o [5]
  .text                ro code  0x0000508a     0x4  low_level_init.o [3]
  .text                ro code  0x0000508e     0x4  exit.o [3]
  .text                ro code  0x00005094     0xa  cexit.o [5]
  .text                ro code  0x000050a0     0xc  XXexit.o [5]
  .rodata              const    0x000050ac    0x18  VCAN_OV7725_Eagle.o [1]
  .rodata              const    0x000050c4    0x18  VCAN_OV7725_Eagle.o [1]
  .text                ro code  0x000050dc    0x16  xprout.o [3]
  .text                ro code  0x000050f4     0xc  putchar.o [3]
  .rodata              const    0x00005100    0x14  MK60_conf.o [1]
  .rodata              const    0x00005114    0x14  VCAN_OV7725_Eagle.o [1]
  .text                ro code  0x00005128     0xc  cstartup_M.o [5]
  Initializer bytes    ro data  0x00005134    0x88  <for P2 s0>
                              - 0x000051bc  0x4da4

"P2", part 1 of 3:                           0xaac
  .data                         0x1fff0410   0x8bc  <Block>
    .data-1                     0x1fff0410   0x8bc  <Init block>
      .data            inited   0x1fff0410    0x50  camera_test.o [1]
      .data            inited   0x1fff0460   0x708  MK60_conf.o [1]
      .data            inited   0x1fff0b68    0x10  MK60_ftm.o [1]
      .data            inited   0x1fff0b78    0x14  MK60_gpio.o [1]
      .data            inited   0x1fff0b8c    0x58  MK60_mcg.o [1]
      .data            inited   0x1fff0be4     0x4  MK60_mcg.o [1]
      .data            inited   0x1fff0be8    0x14  MK60_port.o [1]
      .data            inited   0x1fff0bfc    0x18  MK60_uart.o [1]
      .data            inited   0x1fff0c14     0x8  VCAN_key.o [1]
      .data            inited   0x1fff0c1c     0x4  VCAN_LED.o [1]
      .data            inited   0x1fff0c20     0x1  VCAN_OV7725_Eagle.o [1]
      .data            inited   0x1fff0c24    0x64  VCAN_OV7725_Eagle.o [1]
      .data            inited   0x1fff0c88     0x1  VCAN_OV7725_Eagle.o [1]
      .data            inited   0x1fff0c8c    0x40  xfiles.o [3]
  CodeRelocateRam               0x1fff0ccc   0x1f0  <Block>
    CodeRelocateRam-1           0x1fff0ccc   0x1f0  <Init block>
      Veneer           inited   0x1fff0ccc     0x8  - Linker created -
      Veneer           inited   0x1fff0cd4     0x8  - Linker created -
      .textrw          inited   0x1fff0cdc   0x190  MK60_flash.o [1]
      .textrw          inited   0x1fff0e6c    0x50  MK60_mcg.o [1]
                              - 0x1fff0ebc   0xaac

"P2", part 2 of 3:                          0x15e4
  .bss                          0x1fff0ebc  0x15e4  <Block>
    .bss               zero     0x1fff0ebc    0x50  camera_test.o [1]
    .bss               zero     0x1fff0f0c     0x4  camera_test.o [1]
    .bss               zero     0x1fff0f10   0x258  camera_test.o [1]
    .bss               zero     0x1fff1168  0x12c0  camera_test.o [1]
    .bss               zero     0x1fff2428     0x4  camera_test.o [1]
    .bss               zero     0x1fff242c    0x10  MK60_ftm.o [1]
    .bss               zero     0x1fff243c     0x4  system_MK60DZ10.o [1]
    .bss               zero     0x1fff2440     0x4  system_MK60DZ10.o [1]
    .bss               zero     0x1fff2444     0x4  system_MK60DZ10.o [1]
    .bss               zero     0x1fff2448     0x4  VCAN_OV7725_Eagle.o [1]
    .bss               zero     0x1fff244c    0x50  xfiles.o [3]
    .bss               zero     0x1fff249c     0x1  camera_test.o [1]
    .bss               zero     0x1fff249d     0x1  camera_test.o [1]
    .bss               zero     0x1fff249e     0x1  camera_test.o [1]
    .bss               zero     0x1fff249f     0x1  camera_test.o [1]
                              - 0x1fff24a0  0x15e4

"P2", part 3 of 3:                            0x88
  P2 s0                         0x1fff24a0    0x88  <Init block>
    __DLIB_PERTHREAD   inited   0x1fff24a0    0x88  localeconv.o [3]
                              - 0x1fff2528    0x88


*******************************************************************************
*** INIT TABLE
***

          Address     Size
          -------     ----
Zero (__iar_zero_init3)
    1 destination range, total size 0x15e4:
          0x1fff0ebc  0x15e4



*******************************************************************************
*** MODULE SUMMARY
***

    Module                 ro code  rw code  ro data  rw data
    ------                 -------  -------  -------  -------
C:\Users\lenovo\Desktop\·É¿¨·É¿¨\my third son\Prj\IAR\FN15_Debug\Obj: [1]
    MK60_SysTick.o             100                64
    MK60_conf.o                320             1 948    1 800
    MK60_dma.o                 644                60
    MK60_flash.o                        400      464
    MK60_ftm.o               1 144                76       32
    MK60_gpio.o                296                80       20
    MK60_it.o                   56
    MK60_mcg.o                 980       80      172       92
    MK60_port.o                176                20       20
    MK60_uart.o                624                84       24
    MK60_wdog.o                 64
    OLED.o                   1 300             1 884
    VCAN_LED.o                 112                 4        4
    VCAN_OV7725_Eagle.o        576               277      106
    VCAN_SCCB.o                866
    VCAN_camera.o              148                 2
    VCAN_computer.o             64                 4
    VCAN_key.o                 156                 8        8
    camera_test.o              400                80    5 572
    main.o                      48
    misc.o                      80                56
    motor.o                     32
    servo.o                     38
    startup_MK60DZ10.o           8
    system_MK60DZ10.o          304                         12
    vectors.o                                  1 040
    ---------------------------------------------------------
    Total:                   8 536      480    6 323    7 690

command line: [2]
    ---------------------------------------------------------
    Total:

dl7M_tlf.a: [3]
    div.o                       14
    exit.o                       4
    localeconv.o               108               136      136
    low_level_init.o             4
    printf.o                    36
    putchar.o                   12
    sprintf.o                   52
    xfiles.o                                      67      144
    xprintflarge_nomb.o      3 058
    xprout.o                    22
    xsprout.o                   10
    xtls.o                       2
    ---------------------------------------------------------
    Total:                   3 322               203      280

m7M_tlv.a: [4]
    DblAdd.o                   212
    DblCmpLe.o                  46
    DblDiv.o                   582
    DblMul.o                   418
    DblSub.o                   384
    DblToI32.o                  44
    I32ToDbl.o                  28
    fpinit_M.o                  26
    xdnorm.o                    66
    ---------------------------------------------------------
    Total:                   1 806

rt7M_tl.a: [5]
    ABImemcpy_unaligned.o      118
    I64DivMod.o                238
    I64DivZer.o                  2
    XXexit.o                    12
    cexit.o                     10
    cmain.o                     26
    cstartup_M.o                12
    data_init.o                 40
    memchr.o                    88
    strchr.o                    22
    strlen.o                    54
    zero_init3.o                34
    ---------------------------------------------------------
    Total:                     656

    Gaps                        18                 2        6
    Linker created              24       16       32
-------------------------------------------------------------
    Grand Total:            14 362      496    6 560    7 976


*******************************************************************************
*** ENTRY LIST
***

Entry                      Address    Size  Type      Object
-----                      -------    ----  ----      ------
.bss$$Base              0x1fff0ebc           --   Gb  - Linker created -
.bss$$Limit             0x1fff24a0           --   Gb  - Linker created -
.data$$Base             0x1fff0410           --   Gb  - Linker created -
.data$$Limit            0x1fff0ccc           --   Gb  - Linker created -
.data_init$$Base        0x000019c0           --   Gb  - Linker created -
.data_init$$Limit       0x0000227c           --   Gb  - Linker created -
?main                   0x00005071          Code  Gb  cmain.o [5]
ASSERT_FAILED_STR       0x00004f7c    0x24  Data  Gb  MK60_conf.o [1]
CodeRelocate$$Base      0x0000455c           --   Gb  - Linker created -
CodeRelocate$$Limit     0x0000474c           --   Gb  - Linker created -
CodeRelocateRam$$Base   0x1fff0ccc           --   Gb  - Linker created -
CodeRelocateRam$$Limit  0x1fff0ebc           --   Gb  - Linker created -
DMA_CH0_IRQHandler      0x00004f4d     0x8  Code  Gb  MK60_it.o [1]
DataReset               0x0000486f    0x3c  Code  Gb  camera_test.o [1]
F14x16                  0x00004a00   0x150  Data  Gb  OLED.o [1]
F14x16_Idx              0x00005038    0x1c  Data  Gb  OLED.o [1]
F8X16                   0x0000227c   0x5f0  Data  Gb  OLED.o [1]
FTMN                    0x1fff0b68    0x10  Data  Gb  MK60_ftm.o [1]
FTM_port_mux            0x000034e1   0x1ac  Code  Lc  MK60_ftm.o [1]
GPIOX                   0x1fff0b78    0x14  Data  Gb  MK60_gpio.o [1]
ImageProc               0x00004785    0xea  Code  Gb  camera_test.o [1]
KEY_PTxn                0x1fff0c14     0x8  Data  Gb  VCAN_key.o [1]
LED_PTxn                0x1fff0c1c     0x4  Data  Gb  VCAN_LED.o [1]
Motor                   0x00004d17     0xe  Code  Gb  motor.o [1]
MotorInit               0x00004d25    0x12  Code  Gb  motor.o [1]
MyInit                  0x00004ce1    0x10  Code  Gb  main.o [1]
Mycamera                0x0000474d    0x38  Code  Gb  camera_test.o [1]
NVIC_DisableIRQ         0x00004335    0x18  Code  Lc  VCAN_OV7725_Eagle.o [1]
NVIC_EnableIRQ          0x0000431d    0x18  Code  Lc  VCAN_OV7725_Eagle.o [1]
NVIC_SystemReset        0x00002f9d    0x1a  Code  Lc  MK60_conf.o [1]
OLED_DLY_ms             0x00002971    0x1c  Code  Gb  OLED.o [1]
OLED_Fill               0x00002931    0x40  Code  Gb  OLED.o [1]
OLED_Init               0x0000298d   0x112  Code  Gb  OLED.o [1]
OLED_P14x16Str          0x00002b45   0x136  Code  Gb  OLED.o [1]
OLED_P8x16Str           0x00002a9f    0xa6  Code  Gb  OLED.o [1]
OLED_Print              0x00002c7b    0x6a  Code  Gb  OLED.o [1]
OLED_Set_Pos            0x00002903    0x2e  Code  Gb  OLED.o [1]
OLED_WrCmd              0x000028b9    0x4a  Code  Gb  OLED.o [1]
OLED_WrDat              0x0000286d    0x4a  Code  Gb  OLED.o [1]
PORTB_IRQHandler        0x00004f1d    0x2c  Code  Gb  MK60_it.o [1]
PORTX                   0x1fff0be8    0x14  Data  Gb  MK60_port.o [1]
Region$$Table$$Base     0x00004fe8           --   Gb  - Linker created -
Region$$Table$$Limit    0x00004ff8           --   Gb  - Linker created -
Reset_Handler           0x00000411          Code  Gb  startup_MK60DZ10.o [1]
SCCB_Ack                0x00003e09    0x3c  Code  Lc  VCAN_SCCB.o [1]
SCCB_GPIO_init          0x00003d4f    0x28  Code  Gb  VCAN_SCCB.o [1]
SCCB_NoAck              0x00003e45    0x3c  Code  Lc  VCAN_SCCB.o [1]
SCCB_ReadByte           0x00003fe5    0x2c  Code  Gb  VCAN_SCCB.o [1]
SCCB_ReadByte_one       0x00004011    0x86  Code  Lc  VCAN_SCCB.o [1]
SCCB_ReceiveByte        0x00003f11    0x54  Code  Lc  VCAN_SCCB.o [1]
SCCB_SendByte           0x00003ecd    0x44  Code  Lc  VCAN_SCCB.o [1]
SCCB_Start              0x00003d77    0x5e  Code  Lc  VCAN_SCCB.o [1]
SCCB_Stop               0x00003dd5    0x34  Code  Lc  VCAN_SCCB.o [1]
SCCB_WaitAck            0x00003e81    0x4c  Code  Lc  VCAN_SCCB.o [1]
SCCB_WriteByte          0x00003f75    0x28  Code  Gb  VCAN_SCCB.o [1]
SCCB_WriteByte_one      0x00003f9d    0x48  Code  Lc  VCAN_SCCB.o [1]
SCCB_delay              0x00003d35    0x1a  Code  Lc  VCAN_SCCB.o [1]
Servo                   0x00004cf1    0x10  Code  Gb  servo.o [1]
ServoInit               0x00004d05    0x12  Code  Gb  servo.o [1]
UARTN                   0x1fff0bfc    0x18  Data  Gb  MK60_uart.o [1]
_GenldLargeNoMb         0x00000d8d   0x234  Code  Lc  xprintflarge_nomb.o [3]
_LdtobLargeNoMb         0x00000b09   0x27e  Code  Lc  xprintflarge_nomb.o [3]
_LitobLargeNoMb         0x000009f5   0x10c  Code  Lc  xprintflarge_nomb.o [3]
_Locale_aeabi_lconv     0x1fff24f0    0x38  Data  Gb  localeconv.o [3]
_Locale_lconv           0x1fff24a0    0x50  Data  Gb  localeconv.o [3]
_PrintfLargeNoMb        0x00000419   0x5d6  Code  Gb  xprintflarge_nomb.o [3]
_Prout                  0x000050dd    0x16  Code  Gb  xprout.o [3]
_PutcharsLargeNoMb      0x00000fc1    0x2e  Code  Lc  xprintflarge_nomb.o [3]
_SProut                 0x00001043     0xa  Code  Gb  xsprout.o [3]
__BOOT_STACK_ADDRESS {Abs}
                        0x2000fff8           --   Gb  command line/config [2]
__VECTOR_RAM {Abs}      0x1fff0000           --   Gb  command line/config [2]
__VECTOR_TABLE {Abs}    0x00000000           --   Gb  command line/config [2]
__aeabi_cdcmple         0x00001285          Code  Gb  DblCmpLe.o [4]
__aeabi_d2uiz           0x000016a1          Code  Gb  DblToI32.o [4]
__aeabi_ddiv            0x00001459          Code  Gb  DblDiv.o [4]
__aeabi_dmul            0x000012b5          Code  Gb  DblMul.o [4]
__aeabi_dsub            0x000016e9          Code  Gb  DblSub.o [4]
__aeabi_ldiv0           0x000018e5          Code  Gb  I64DivZer.o [5]
__aeabi_ui2d            0x000016cd          Code  Gb  I32ToDbl.o [4]
__aeabi_uldivmod        0x000010dd          Code  Gb  I64DivMod.o [5]
__cmain                 0x00005071          Code  Gb  cmain.o [5]
__code_start__ {Abs}    0x00000410           --   Gb  command line/config [2]
__exit                  0x000050a1          Code  Gb  XXexit.o [5]
__iar_Dnorm             0x00001243    0x42  Code  Gb  xdnorm.o [4]
__iar_Locale_lconv_init
                        0x00001869    0x3a  Code  Gb  localeconv.o [3]
__iar_Memchr            0x00001085          Code  Gb  memchr.o [5]
__iar_Stdout            0x1fff0c8c    0x40  Data  Gb  xfiles.o [3]
__iar_Strchr            0x0000102d          Code  Gb  strchr.o [5]
__iar_d2uiz             0x000016ad          Code  Gb  DblToI32.o [4]
__iar_dadd              0x000018e9          Code  Gb  DblAdd.o [4]
__iar_data_init3        0x00004f55    0x28  Code  Gb  data_init.o [5]
__iar_dlib_perthread_access
                        0x000019bd     0x2  Code  Gb  xtls.o [3]
__iar_dsub              0x000016fd          Code  Gb  DblSub.o [4]
__iar_dsubStart         0x0000170f          Code  Gb  DblSub.o [4]
__iar_init_vfp          0x00005055          Code  Gb  fpinit_M.o [4]
__iar_program_start     0x00005129          Code  Gb  cstartup_M.o [5]
__iar_ui2d              0x000016d1          Code  Gb  I32ToDbl.o [4]
__iar_unaligned___aeabi_memcpy
                        0x000011cd          Code  Gb  ABImemcpy_unaligned.o [5]
__iar_unaligned___aeabi_memcpy4
                        0x000011ed          Code  Gb  ABImemcpy_unaligned.o [5]
__iar_unaligned___aeabi_memcpy8
                        0x000011ed          Code  Gb  ABImemcpy_unaligned.o [5]
__iar_zero_init3        0x0000100b    0x22  Code  Gb  zero_init3.o [5]
__low_level_init        0x0000508b     0x4  Code  Gb  low_level_init.o [3]
__vector_table          0x00000000   0x410  Data  Gb  vectors.o [1]
_call_main              0x0000507d          Code  Gb  cmain.o [5]
_exit                   0x00005095          Code  Gb  cexit.o [5]
_main                   0x00005087          Code  Gb  cmain.o [5]
assert_failed           0x00002fb7    0x26  Code  Gb  MK60_conf.o [1]
bus_clk_khz             0x1fff2444     0x4  Data  Gb  system_MK60DZ10.o [1]
centure                 0x1fff249e     0x1  Data  Gb  camera_test.o [1]
centureErr              0x1fff249f     0x1  Data  Gb  camera_test.o [1]
centureErrDis           0x00002d1b    0x36  Code  Gb  OLED.o [1]
common_startup          0x00004baf    0x98  Code  Gb  system_MK60DZ10.o [1]
core_clk_khz            0x1fff243c     0x4  Data  Gb  system_MK60DZ10.o [1]
core_clk_mhz            0x1fff2440     0x4  Data  Gb  system_MK60DZ10.o [1]
default_isr             0x0000308b    0x30  Code  Gb  MK60_conf.o [1]
div                     0x000018d5     0xe  Code  Gb  div.o [3]
dma_gpio_input_init     0x00004099    0x5c  Code  Lc  MK60_dma.o [1]
dma_portx2buff_init     0x000040f5   0x1f4  Code  Gb  MK60_dma.o [1]
exit                    0x0000508f     0x4  Code  Gb  exit.o [3]
flash_cmd               0x1fff0cdd    0x20  Code  Gb  MK60_flash.o [1]
flash_erase_sector      0x1fff0d21    0x5c  Code  Gb  MK60_flash.o [1]
flash_init              0x1fff0cfd    0x24  Code  Gb  MK60_flash.o [1]
flash_write             0x1fff0d7d    0xb4  Code  Gb  MK60_flash.o [1]
fputc                   0x00002fdd    0x14  Code  Gb  MK60_conf.o [1]
ftm_mod                 0x1fff242c    0x10  Data  Lc  MK60_ftm.o [1]
ftm_pwm_duty            0x00003833   0x10e  Code  Gb  MK60_ftm.o [1]
ftm_pwm_init            0x0000368d   0x1a6  Code  Gb  MK60_ftm.o [1]
gpio_get                0x00002e67    0x3a  Code  Gb  MK60_gpio.o [1]
gpio_init               0x00002d81    0xae  Code  Gb  MK60_gpio.o [1]
gpio_turn               0x00002e2f    0x38  Code  Gb  MK60_gpio.o [1]
img                     0x1fff1168  0x12c0  Data  Gb  camera_test.o [1]
img_extract             0x0000492d    0x94  Code  Gb  VCAN_camera.o [1]
imgbuff                 0x1fff0f10   0x258  Data  Gb  camera_test.o [1]
key_check               0x000034b1    0x2a  Code  Gb  VCAN_key.o [1]
key_get                 0x00003497    0x1a  Code  Gb  VCAN_key.o [1]
key_init                0x00003445    0x52  Code  Gb  VCAN_key.o [1]
led_init                0x000030dd    0x3a  Code  Gb  VCAN_LED.o [1]
led_turn                0x00003117    0x32  Code  Gb  VCAN_LED.o [1]
left                    0x1fff0ebc    0x50  Data  Gb  camera_test.o [1]
leftPos                 0x1fff249c     0x1  Data  Gb  camera_test.o [1]
localeconv              0x000018a3    0x16  Code  Gb  localeconv.o [3]
main                    0x00004cc1    0x20  Code  Gb  main.o [1]
mcg_cfg                 0x1fff0b8c    0x58  Data  Gb  MK60_mcg.o [1]
mcg_div                 0x1fff0be4     0x4  Data  Gb  MK60_mcg.o [1]
mcg_div_count           0x00003961   0x304  Code  Gb  MK60_mcg.o [1]
memchr                  0x00001085          Code  Gb  memchr.o [5]
obuf                    0x1fff244c    0x50  Data  Lc  xfiles.o [3]
ov7725_eagle_cfgnum     0x1fff0c88     0x1  Data  Gb  VCAN_OV7725_Eagle.o [1]
ov7725_eagle_dma        0x00004405    0x14  Code  Gb  VCAN_OV7725_Eagle.o [1]
ov7725_eagle_get_img    0x00004419    0x42  Code  Gb  VCAN_OV7725_Eagle.o [1]
ov7725_eagle_img_buff   0x1fff2448     0x4  Data  Gb  VCAN_OV7725_Eagle.o [1]
ov7725_eagle_img_flag   0x1fff0c20     0x1  Data  Gb  VCAN_OV7725_Eagle.o [1]
ov7725_eagle_init       0x0000434d    0x18  Code  Gb  VCAN_OV7725_Eagle.o [1]
ov7725_eagle_port_init  0x00004365    0x54  Code  Lc  VCAN_OV7725_Eagle.o [1]
ov7725_eagle_reg        0x1fff0c24    0x64  Data  Gb  VCAN_OV7725_Eagle.o [1]
ov7725_eagle_reg_init   0x0000445b    0xb0  Code  Lc  VCAN_OV7725_Eagle.o [1]
ov7725_eagle_vsync      0x000043b9    0x4c  Code  Gb  VCAN_OV7725_Eagle.o [1]
pll_init                0x00003c65    0xb2  Code  Gb  MK60_mcg.o [1]
port_init               0x00002edd    0x44  Code  Gb  MK60_port.o [1]
port_init_NoALT         0x00002f21    0x62  Code  Gb  MK60_port.o [1]
printf                  0x0000314d    0x24  Code  Gb  printf.o [3]
putchar                 0x000050f5     0xc  Code  Gb  putchar.o [3]
right                   0x1fff0410    0x50  Data  Gb  camera_test.o [1]
rightPos                0x1fff249d     0x1  Data  Gb  camera_test.o [1]
servPWMDuty             0x1fff2428     0x4  Data  Gb  camera_test.o [1]
servPWMDutyDis          0x00002ce5    0x36  Code  Gb  OLED.o [1]
set_sys_dividers        0x1fff0e6d    0x50  Code  Gb  MK60_mcg.o [1]
set_vector_handler      0x000048ff    0x22  Code  Gb  misc.o [1]
sprintf                 0x00002ea9    0x34  Code  Gb  sprintf.o [3]
start                   0x00004b51    0x22  Code  Gb  system_MK60DZ10.o [1]
start_check             0x00002ff1    0x9a  Code  Gb  MK60_conf.o [1]
strchr                  0x0000102d          Code  Gb  strchr.o [5]
strlen                  0x0000104d          Code  Gb  strlen.o [5]
sysinit                 0x00004b73    0x3c  Code  Gb  system_MK60DZ10.o [1]
systick_delay           0x00003171    0x36  Code  Gb  MK60_SysTick.o [1]
systick_delay_ms        0x000031a7    0x18  Code  Gb  MK60_SysTick.o [1]
turn                    0x1fff0f0c     0x4  Data  Gb  camera_test.o [1]
uart_init               0x000031d5   0x218  Code  Gb  MK60_uart.o [1]
uart_putbuff            0x00003407    0x24  Code  Gb  MK60_uart.o [1]
uart_putchar            0x000033ed    0x1a  Code  Gb  MK60_uart.o [1]
vcan_sendimg            0x000049c1    0x38  Code  Gb  VCAN_computer.o [1]
vector_str              0x1fff0460   0x708  Data  Gb  MK60_conf.o [1]
wdog_disable            0x00004c81    0x16  Code  Gb  MK60_wdog.o [1]
wdog_unlock             0x00004c97    0x20  Code  Lc  MK60_wdog.o [1]
write_vtor              0x000048dd    0x22  Code  Gb  misc.o [1]


[1] = C:\Users\lenovo\Desktop\·É¿¨·É¿¨\my third son\Prj\IAR\FN15_Debug\Obj
[2] = command line
[3] = dl7M_tlf.a
[4] = m7M_tlv.a
[5] = rt7M_tl.a

  14 362 bytes of readonly  code memory
     496 bytes of readwrite code memory
   6 560 bytes of readonly  data memory
   7 976 bytes of readwrite data memory

Errors: none
Warnings: none
