###############################################################################
#                                                                             #
# IAR ELF Linker V6.70.1.5641/W32 for ARM               14/Jun/2016  01:59:24 #
# Copyright 2007-2013 IAR Systems AB.                                         #
#                                                                             #
#    Output file  =  C:\Users\lenovo\Desktop\·É¿¨·É¿¨\my third son¿ª\my       #
#                    third son0611³¬³µÈý\my third                             #
#                    son0610³¬³µ\Prj\IAR\DZ10_Debug\Exe\vcan_Kinetis.out      #
#    Map file     =  C:\Users\lenovo\Desktop\·É¿¨·É¿¨\my third son¿ª\my       #
#                    third son0611³¬³µÈý\my third                             #
#                    son0610³¬³µ\Prj\IAR\DZ10_Debug\List\vcan_Kinetis.map     #
#    Command line =  "C:\Users\lenovo\Desktop\·É¿¨·É¿¨\my third son¿ª\my      #
#                    third son0611³¬³µÈý\my third                             #
#                    son0610³¬³µ\Prj\IAR\DZ10_Debug\Obj\camera_test.o"        #
#                    "C:\Users\lenovo\Desktop\·É¿¨·É¿¨\my third son¿ª\my      #
#                    third son0611³¬³µÈý\my third                             #
#                    son0610³¬³µ\Prj\IAR\DZ10_Debug\Obj\diskio.o"             #
#                    "C:\Users\lenovo\Desktop\·É¿¨·É¿¨\my third son¿ª\my      #
#                    third son0611³¬³µÈý\my third                             #
#                    son0610³¬³µ\Prj\IAR\DZ10_Debug\Obj\encoder.o"            #
#                    "C:\Users\lenovo\Desktop\·É¿¨·É¿¨\my third son¿ª\my      #
#                    third son0611³¬³µÈý\my third                             #
#                    son0610³¬³µ\Prj\IAR\DZ10_Debug\Obj\ff.o"                 #
#                    "C:\Users\lenovo\Desktop\·É¿¨·É¿¨\my third son¿ª\my      #
#                    third son0611³¬³µÈý\my third                             #
#                    son0610³¬³µ\Prj\IAR\DZ10_Debug\Obj\key.o"                #
#                    "C:\Users\lenovo\Desktop\·É¿¨·É¿¨\my third son¿ª\my      #
#                    third son0611³¬³µÈý\my third                             #
#                    son0610³¬³µ\Prj\IAR\DZ10_Debug\Obj\main.o"               #
#                    "C:\Users\lenovo\Desktop\·É¿¨·É¿¨\my third son¿ª\my      #
#                    third son0611³¬³µÈý\my third                             #
#                    son0610³¬³µ\Prj\IAR\DZ10_Debug\Obj\misc.o"               #
#                    "C:\Users\lenovo\Desktop\·É¿¨·É¿¨\my third son¿ª\my      #
#                    third son0611³¬³µÈý\my third                             #
#                    son0610³¬³µ\Prj\IAR\DZ10_Debug\Obj\MK60_adc.o"           #
#                    "C:\Users\lenovo\Desktop\·É¿¨·É¿¨\my third son¿ª\my      #
#                    third son0611³¬³µÈý\my third                             #
#                    son0610³¬³µ\Prj\IAR\DZ10_Debug\Obj\MK60_can.o"           #
#                    "C:\Users\lenovo\Desktop\·É¿¨·É¿¨\my third son¿ª\my      #
#                    third son0611³¬³µÈý\my third                             #
#                    son0610³¬³µ\Prj\IAR\DZ10_Debug\Obj\MK60_conf.o"          #
#                    "C:\Users\lenovo\Desktop\·É¿¨·É¿¨\my third son¿ª\my      #
#                    third son0611³¬³µÈý\my third                             #
#                    son0610³¬³µ\Prj\IAR\DZ10_Debug\Obj\MK60_dac.o"           #
#                    "C:\Users\lenovo\Desktop\·É¿¨·É¿¨\my third son¿ª\my      #
#                    third son0611³¬³µÈý\my third                             #
#                    son0610³¬³µ\Prj\IAR\DZ10_Debug\Obj\MK60_dma.o"           #
#                    "C:\Users\lenovo\Desktop\·É¿¨·É¿¨\my third son¿ª\my      #
#                    third son0611³¬³µÈý\my third                             #
#                    son0610³¬³µ\Prj\IAR\DZ10_Debug\Obj\MK60_DWT.o"           #
#                    "C:\Users\lenovo\Desktop\·É¿¨·É¿¨\my third son¿ª\my      #
#                    third son0611³¬³µÈý\my third                             #
#                    son0610³¬³µ\Prj\IAR\DZ10_Debug\Obj\MK60_flash.o"         #
#                    "C:\Users\lenovo\Desktop\·É¿¨·É¿¨\my third son¿ª\my      #
#                    third son0611³¬³µÈý\my third                             #
#                    son0610³¬³µ\Prj\IAR\DZ10_Debug\Obj\MK60_flexbus.o"       #
#                    "C:\Users\lenovo\Desktop\·É¿¨·É¿¨\my third son¿ª\my      #
#                    third son0611³¬³µÈý\my third                             #
#                    son0610³¬³µ\Prj\IAR\DZ10_Debug\Obj\MK60_ftm.o"           #
#                    "C:\Users\lenovo\Desktop\·É¿¨·É¿¨\my third son¿ª\my      #
#                    third son0611³¬³µÈý\my third                             #
#                    son0610³¬³µ\Prj\IAR\DZ10_Debug\Obj\MK60_gpio.o"          #
#                    "C:\Users\lenovo\Desktop\·É¿¨·É¿¨\my third son¿ª\my      #
#                    third son0611³¬³µÈý\my third                             #
#                    son0610³¬³µ\Prj\IAR\DZ10_Debug\Obj\MK60_i2c.o"           #
#                    "C:\Users\lenovo\Desktop\·É¿¨·É¿¨\my third son¿ª\my      #
#                    third son0611³¬³µÈý\my third                             #
#                    son0610³¬³µ\Prj\IAR\DZ10_Debug\Obj\MK60_it.o"            #
#                    "C:\Users\lenovo\Desktop\·É¿¨·É¿¨\my third son¿ª\my      #
#                    third son0611³¬³µÈý\my third                             #
#                    son0610³¬³µ\Prj\IAR\DZ10_Debug\Obj\MK60_lptmr.o"         #
#                    "C:\Users\lenovo\Desktop\·É¿¨·É¿¨\my third son¿ª\my      #
#                    third son0611³¬³µÈý\my third                             #
#                    son0610³¬³µ\Prj\IAR\DZ10_Debug\Obj\MK60_mcg.o"           #
#                    "C:\Users\lenovo\Desktop\·É¿¨·É¿¨\my third son¿ª\my      #
#                    third son0611³¬³µÈý\my third                             #
#                    son0610³¬³µ\Prj\IAR\DZ10_Debug\Obj\MK60_PIT.o"           #
#                    "C:\Users\lenovo\Desktop\·É¿¨·É¿¨\my third son¿ª\my      #
#                    third son0611³¬³µÈý\my third                             #
#                    son0610³¬³µ\Prj\IAR\DZ10_Debug\Obj\MK60_port.o"          #
#                    "C:\Users\lenovo\Desktop\·É¿¨·É¿¨\my third son¿ª\my      #
#                    third son0611³¬³µÈý\my third                             #
#                    son0610³¬³µ\Prj\IAR\DZ10_Debug\Obj\MK60_rtc.o"           #
#                    "C:\Users\lenovo\Desktop\·É¿¨·É¿¨\my third son¿ª\my      #
#                    third son0611³¬³µÈý\my third                             #
#                    son0610³¬³µ\Prj\IAR\DZ10_Debug\Obj\MK60_sdhc.o"          #
#                    "C:\Users\lenovo\Desktop\·É¿¨·É¿¨\my third son¿ª\my      #
#                    third son0611³¬³µÈý\my third                             #
#                    son0610³¬³µ\Prj\IAR\DZ10_Debug\Obj\MK60_spi.o"           #
#                    "C:\Users\lenovo\Desktop\·É¿¨·É¿¨\my third son¿ª\my      #
#                    third son0611³¬³µÈý\my third                             #
#                    son0610³¬³µ\Prj\IAR\DZ10_Debug\Obj\MK60_SysTick.o"       #
#                    "C:\Users\lenovo\Desktop\·É¿¨·É¿¨\my third son¿ª\my      #
#                    third son0611³¬³µÈý\my third                             #
#                    son0610³¬³µ\Prj\IAR\DZ10_Debug\Obj\MK60_uart.o"          #
#                    "C:\Users\lenovo\Desktop\·É¿¨·É¿¨\my third son¿ª\my      #
#                    third son0611³¬³µÈý\my third                             #
#                    son0610³¬³µ\Prj\IAR\DZ10_Debug\Obj\MK60_usb.o"           #
#                    "C:\Users\lenovo\Desktop\·É¿¨·É¿¨\my third son¿ª\my      #
#                    third son0611³¬³µÈý\my third                             #
#                    son0610³¬³µ\Prj\IAR\DZ10_Debug\Obj\MK60_wdog.o"          #
#                    "C:\Users\lenovo\Desktop\·É¿¨·É¿¨\my third son¿ª\my      #
#                    third son0611³¬³µÈý\my third                             #
#                    son0610³¬³µ\Prj\IAR\DZ10_Debug\Obj\motor.o"              #
#                    "C:\Users\lenovo\Desktop\·É¿¨·É¿¨\my third son¿ª\my      #
#                    third son0611³¬³µÈý\my third                             #
#                    son0610³¬³µ\Prj\IAR\DZ10_Debug\Obj\OLED.o"               #
#                    "C:\Users\lenovo\Desktop\·É¿¨·É¿¨\my third son¿ª\my      #
#                    third son0611³¬³µÈý\my third                             #
#                    son0610³¬³µ\Prj\IAR\DZ10_Debug\Obj\PID.o"                #
#                    "C:\Users\lenovo\Desktop\·É¿¨·É¿¨\my third son¿ª\my      #
#                    third son0611³¬³µÈý\my third                             #
#                    son0610³¬³µ\Prj\IAR\DZ10_Debug\Obj\servo.o"              #
#                    "C:\Users\lenovo\Desktop\·É¿¨·É¿¨\my third son¿ª\my      #
#                    third son0611³¬³µÈý\my third                             #
#                    son0610³¬³µ\Prj\IAR\DZ10_Debug\Obj\startup_MK60DZ10.o"   #
#                    "C:\Users\lenovo\Desktop\·É¿¨·É¿¨\my third son¿ª\my      #
#                    third son0611³¬³µÈý\my third                             #
#                    son0610³¬³µ\Prj\IAR\DZ10_Debug\Obj\system_MK60DZ10.o"    #
#                    "C:\Users\lenovo\Desktop\·É¿¨·É¿¨\my third son¿ª\my      #
#                    third son0611³¬³µÈý\my third                             #
#                    son0610³¬³µ\Prj\IAR\DZ10_Debug\Obj\USB.o"                #
#                    "C:\Users\lenovo\Desktop\·É¿¨·É¿¨\my third son¿ª\my      #
#                    third son0611³¬³µÈý\my third                             #
#                    son0610³¬³µ\Prj\IAR\DZ10_Debug\Obj\USB_CDC.o"            #
#                    "C:\Users\lenovo\Desktop\·É¿¨·É¿¨\my third son¿ª\my      #
#                    third son0611³¬³µÈý\my third                             #
#                    son0610³¬³µ\Prj\IAR\DZ10_Debug\Obj\VCAN_ASCII.o"         #
#                    "C:\Users\lenovo\Desktop\·É¿¨·É¿¨\my third son¿ª\my      #
#                    third son0611³¬³µÈý\my third                             #
#                    son0610³¬³µ\Prj\IAR\DZ10_Debug\Obj\VCAN_BMP.o"           #
#                    "C:\Users\lenovo\Desktop\·É¿¨·É¿¨\my third son¿ª\my      #
#                    third son0611³¬³µÈý\my third                             #
#                    son0610³¬³µ\Prj\IAR\DZ10_Debug\Obj\VCAN_camera.o"        #
#                    "C:\Users\lenovo\Desktop\·É¿¨·É¿¨\my third son¿ª\my      #
#                    third son0611³¬³µÈý\my third                             #
#                    son0610³¬³µ\Prj\IAR\DZ10_Debug\Obj\VCAN_computer.o"      #
#                    "C:\Users\lenovo\Desktop\·É¿¨·É¿¨\my third son¿ª\my      #
#                    third son0611³¬³µÈý\my third                             #
#                    son0610³¬³µ\Prj\IAR\DZ10_Debug\Obj\vcan_img2sd.o"        #
#                    "C:\Users\lenovo\Desktop\·É¿¨·É¿¨\my third son¿ª\my      #
#                    third son0611³¬³µÈý\my third                             #
#                    son0610³¬³µ\Prj\IAR\DZ10_Debug\Obj\VCAN_key.o"           #
#                    "C:\Users\lenovo\Desktop\·É¿¨·É¿¨\my third son¿ª\my      #
#                    third son0611³¬³µÈý\my third                             #
#                    son0610³¬³µ\Prj\IAR\DZ10_Debug\Obj\VCAN_key_event.o"     #
#                    "C:\Users\lenovo\Desktop\·É¿¨·É¿¨\my third son¿ª\my      #
#                    third son0611³¬³µÈý\my third                             #
#                    son0610³¬³µ\Prj\IAR\DZ10_Debug\Obj\VCAN_LCD.o"           #
#                    "C:\Users\lenovo\Desktop\·É¿¨·É¿¨\my third son¿ª\my      #
#                    third son0611³¬³µÈý\my third                             #
#                    son0610³¬³µ\Prj\IAR\DZ10_Debug\Obj\VCAN_LCD_CH.o"        #
#                    "C:\Users\lenovo\Desktop\·É¿¨·É¿¨\my third son¿ª\my      #
#                    third son0611³¬³µÈý\my third                             #
#                    son0610³¬³µ\Prj\IAR\DZ10_Debug\Obj\VCAN_LCD_ILI9341.o"   #
#                    "C:\Users\lenovo\Desktop\·É¿¨·É¿¨\my third son¿ª\my      #
#                    third son0611³¬³µÈý\my third                             #
#                    son0610³¬³µ\Prj\IAR\DZ10_Debug\Obj\VCAN_LCD_ST7735R.o"   #
#                    "C:\Users\lenovo\Desktop\·É¿¨·É¿¨\my third son¿ª\my      #
#                    third son0611³¬³µÈý\my third                             #
#                    son0610³¬³µ\Prj\IAR\DZ10_Debug\Obj\VCAN_LCD_ST7735S.o"   #
#                    "C:\Users\lenovo\Desktop\·É¿¨·É¿¨\my third son¿ª\my      #
#                    third son0611³¬³µÈý\my third                             #
#                    son0610³¬³µ\Prj\IAR\DZ10_Debug\Obj\VCAN_LED.o"           #
#                    "C:\Users\lenovo\Desktop\·É¿¨·É¿¨\my third son¿ª\my      #
#                    third son0611³¬³µÈý\my third                             #
#                    son0610³¬³µ\Prj\IAR\DZ10_Debug\Obj\VCAN_MMA7455.o"       #
#                    "C:\Users\lenovo\Desktop\·É¿¨·É¿¨\my third son¿ª\my      #
#                    third son0611³¬³µÈý\my third                             #
#                    son0610³¬³µ\Prj\IAR\DZ10_Debug\Obj\VCAN_NRF24L0.o"       #
#                    "C:\Users\lenovo\Desktop\·É¿¨·É¿¨\my third son¿ª\my      #
#                    third son0611³¬³µÈý\my third                             #
#                    son0610³¬³µ\Prj\IAR\DZ10_Debug\Obj\VCAN_NRF24L0_MSG.o"   #
#                    "C:\Users\lenovo\Desktop\·É¿¨·É¿¨\my third son¿ª\my      #
#                    third son0611³¬³µÈý\my third                             #
#                    son0610³¬³µ\Prj\IAR\DZ10_Debug\Obj\VCAN_OV7725_Eagle.o"  #
#                    "C:\Users\lenovo\Desktop\·É¿¨·É¿¨\my third son¿ª\my      #
#                    third son0611³¬³µÈý\my third                             #
#                    son0610³¬³µ\Prj\IAR\DZ10_Debug\Obj\VCAN_OV7725_Wolf.o"   #
#                    "C:\Users\lenovo\Desktop\·É¿¨·É¿¨\my third son¿ª\my      #
#                    third son0611³¬³µÈý\my third                             #
#                    son0610³¬³µ\Prj\IAR\DZ10_Debug\Obj\VCAN_RTC_count.o"     #
#                    "C:\Users\lenovo\Desktop\·É¿¨·É¿¨\my third son¿ª\my      #
#                    third son0611³¬³µÈý\my third                             #
#                    son0610³¬³µ\Prj\IAR\DZ10_Debug\Obj\VCAN_SCCB.o"          #
#                    "C:\Users\lenovo\Desktop\·É¿¨·É¿¨\my third son¿ª\my      #
#                    third son0611³¬³µÈý\my third                             #
#                    son0610³¬³µ\Prj\IAR\DZ10_Debug\Obj\vcan_sd_app.o"        #
#                    "C:\Users\lenovo\Desktop\·É¿¨·É¿¨\my third son¿ª\my      #
#                    third son0611³¬³µÈý\my third                             #
#                    son0610³¬³µ\Prj\IAR\DZ10_Debug\Obj\Vcan_touch.o"         #
#                    "C:\Users\lenovo\Desktop\·É¿¨·É¿¨\my third son¿ª\my      #
#                    third son0611³¬³µÈý\my third                             #
#                    son0610³¬³µ\Prj\IAR\DZ10_Debug\Obj\VCAN_TSL1401.o"       #
#                    "C:\Users\lenovo\Desktop\·É¿¨·É¿¨\my third son¿ª\my      #
#                    third son0611³¬³µÈý\my third                             #
#                    son0610³¬³µ\Prj\IAR\DZ10_Debug\Obj\VCAN_UI_VAR.o"        #
#                    "C:\Users\lenovo\Desktop\·É¿¨·É¿¨\my third son¿ª\my      #
#                    third son0611³¬³µÈý\my third                             #
#                    son0610³¬³µ\Prj\IAR\DZ10_Debug\Obj\vectors.o"            #
#                    --redirect _Printf=_PrintfLargeNoMb --redirect           #
#                    _Scanf=_ScanfLargeNoMb -o "C:\Users\lenovo\Desktop\·É¿¨· #
#                    É¿¨\my third son¿ª\my third son0611³¬³µÈý\my third       #
#                    son0610³¬³µ\Prj\IAR\DZ10_Debug\Exe\vcan_Kinetis.out"     #
#                    --map "C:\Users\lenovo\Desktop\·É¿¨·É¿¨\my third         #
#                    son¿ª\my third son0611³¬³µÈý\my third                    #
#                    son0610³¬³µ\Prj\IAR\DZ10_Debug\List\vcan_Kinetis.map"    #
#                    --config "C:\Users\lenovo\Desktop\·É¿¨·É¿¨\my third      #
#                    son¿ª\my third son0611³¬³µÈý\my third                    #
#                    son0610³¬³µ\Prj\IAR\config files\512KB_Pflash.icf"       #
#                    "C:\Users\lenovo\Desktop\·É¿¨·É¿¨\my third son¿ª\my      #
#                    third son0611³¬³µÈý\my third                             #
#                    son0610³¬³µ\Prj\IAR\..\..\Lib\CMSIS\iar_cortexM4l_math.a #
#                    " --entry __iar_program_start --vfe                      #
#                                                                             #
#                                                                             #
###############################################################################

*******************************************************************************
*** RUNTIME MODEL ATTRIBUTES
***

CppFlavor       = *
__SystemLibrary = DLib


*******************************************************************************
*** PLACEMENT SUMMARY
***

"A1":  place at 0x00000000 { ro section .intvec };
"A2":  place at 0x00000410 { ro section .noinit };
"P1":  place in [from 0x00000000 to 0x00080000] { ro, block CodeRelocate };
"P2":  place in [from 0x1fff0410 to 0x20010000] {
          rw, block CodeRelocateRam, block CSTACK, block HEAP };

  Section              Kind        Address    Size  Object
  -------              ----        -------    ----  ------
"A1":                                        0x410
  .intvec              const    0x00000000   0x410  vectors.o [1]
                              - 0x00000410   0x410

"P1", part 1 of 2:                             0x0
  .rodata              const    0x00000410     0x0  zero_init3.o [5]

"A2":                                          0x8
  .noinit              ro code  0x00000410     0x8  startup_MK60DZ10.o [1]
                              - 0x00000418     0x8

"P1", part 2 of 2:                          0x5ac8
  .text                ro code  0x00000418   0xbf2  xprintflarge_nomb.o [3]
  .text                ro code  0x0000100a    0x22  zero_init3.o [5]
  .text                ro code  0x0000102c    0x16  strchr.o [5]
  .text                ro code  0x00001042     0xa  xsprout.o [3]
  .text                ro code  0x0000104c    0x36  strlen.o [5]
  .rodata              const    0x00001082     0x2  VCAN_camera.o [1]
  .text                ro code  0x00001084    0x58  memchr.o [5]
  .text                ro code  0x000010dc    0xee  I64DivMod.o [5]
  .text                ro code  0x000011cc    0x76  ABImemcpy_unaligned.o [5]
  .text                ro code  0x00001242    0x42  xdnorm.o [4]
  .text                ro code  0x00001284    0x2e  DblCmpLe.o [4]
  .text                ro code  0x000012b4   0x1a2  DblMul.o [4]
  .text                ro code  0x00001458   0x246  DblDiv.o [4]
  .text                ro code  0x000016a0    0x2c  DblToI32.o [4]
  .text                ro code  0x000016cc    0x30  I32ToDbl.o [4]
  .text                ro code  0x000016fc   0x180  DblSub.o [4]
  .text                ro code  0x0000187c    0x6c  localeconv.o [3]
  .text                ro code  0x000018e8     0xe  div.o [3]
  .text                ro code  0x000018f8     0x2  I64DivZer.o [5]
  .text                ro code  0x000018fc    0xe8  DblAdd.o [4]
  .text                ro code  0x000019e4     0x2  xtls.o [3]
  .data_init                    0x000019e8   0x86c  <Block>
    Initializer bytes  ro data  0x000019e8   0x86c  <for .data-1> (used: 0x868)
  .text                ro code  0x00002254   0x5fc  camera_test.o [1]
  .text                ro code  0x00002850   0x240  VCAN_OV7725_Eagle.o [1]
  .text                ro code  0x00002a90    0x94  VCAN_camera.o [1]
  .text                ro code  0x00002b24    0x4e  FltToDbl.o [4]
  .text                ro code  0x00002b74    0x90  DblToFlt.o [4]
  .text                ro code  0x00002c04    0x80  PID.o [1]
  .text                ro code  0x00002c84    0x44  FltToS32.o [4]
  .text                ro code  0x00002cc8    0x64  MK60_SysTick.o [1]
  .text                ro code  0x00002d2c   0x284  MK60_dma.o [1]
  .text                ro code  0x00002fb0    0xb0  MK60_port.o [1]
  .text                ro code  0x00003060   0x362  VCAN_SCCB.o [1]
  .text                ro code  0x000033c4    0x24  printf.o [3]
  .text                ro code  0x000033e8    0xe6  FltSub.o [4]
  .text                ro code  0x000034d0    0x84  FltAdd.o [4]
  .text                ro code  0x00003554    0xd8  FltMul.o [4]
  Veneer               ro code  0x0000362c     0x8  - Linker created -
  Veneer               ro code  0x00003634     0x8  - Linker created -
  .text                ro code  0x0000363c   0x140  MK60_conf.o [1]
  .text                ro code  0x0000377c   0x128  MK60_gpio.o [1]
  .text                ro code  0x000038a4    0x70  VCAN_LED.o [1]
  .text                ro code  0x00003914   0x24c  MK60_uart.o [1]
  .text                ro code  0x00003b60    0x9c  VCAN_key.o [1]
  .rodata              const    0x00003bfc   0x5f0  OLED.o [1]
  .text                ro code  0x000041ec   0x560  OLED.o [1]
  .text                ro code  0x0000474c    0x34  sprintf.o [3]
  Veneer               ro code  0x00004780     0x8  - Linker created -
  .text                ro code  0x00004788   0x3c8  MK60_mcg.o [1]
  .text                ro code  0x00004b50   0x3a4  MK60_ftm.o [1]
  CodeRelocate                  0x00004ef4   0x1c8  <Block>
    Initializer bytes  ro data  0x00004ef4   0x1c8  <for CodeRelocateRam-1>
  .rodata              const    0x000050bc   0x150  OLED.o [1]
  .text                ro code  0x0000520c   0x134  motor.o [1]
  .text                ro code  0x00005340    0x32  I32ToFlt.o [4]
  .text                ro code  0x00005374   0x130  system_MK60DZ10.o [1]
  .text                ro code  0x000054a4    0x40  MK60_wdog.o [1]
  .text                ro code  0x000054e4   0x11c  main.o [1]
  .text                ro code  0x00005600    0x50  misc.o [1]
  .text                ro code  0x00005650    0x26  servo.o [1]
  .text                ro code  0x00005678    0xcc  key.o [1]
  .text                ro code  0x00005744    0xd0  MK60_lptmr.o [1]
  .text                ro code  0x00005814    0xa4  MK60_PIT.o [1]
  .text                ro code  0x000058b8    0x68  encoder.o [1]
  .rodata              const    0x00005920    0x58  MK60_ftm.o [1]
  .rodata              const    0x00005978    0x58  MK60_lptmr.o [1]
  .rodata              const    0x000059d0    0x58  MK60_PIT.o [1]
  .rodata              const    0x00005a28    0x58  MK60_SysTick.o [1]
  .rodata              const    0x00005a80    0x54  MK60_dma.o [1]
  .rodata              const    0x00005ad4    0x54  MK60_flash.o [1]
  .rodata              const    0x00005b28    0x54  MK60_gpio.o [1]
  .rodata              const    0x00005b7c    0x54  MK60_uart.o [1]
  .rodata              const    0x00005bd0    0x50  misc.o [1]
  .rodata              const    0x00005c20    0x3c  MK60_conf.o [1]
  .text                ro code  0x00005c5c    0x38  MK60_it.o [1]
  .text                ro code  0x00005c94    0x28  data_init.o [5]
  .rodata              const    0x00005cbc    0x24  MK60_conf.o [1]
  .rodata              const    0x00005ce0    0x24  VCAN_OV7725_Eagle.o [1]
  .rodata              const    0x00005d04    0x24  VCAN_OV7725_Eagle.o [1]
  .iar.init_table      const    0x00005d28    0x10  - Linker created -
  .rodata              const    0x00005d38    0x20  MK60_conf.o [1]
  .rodata              const    0x00005d58    0x20  VCAN_OV7725_Eagle.o [1]
  .rodata              const    0x00005d78    0x1c  OLED.o [1]
  .text                ro code  0x00005d94    0x1a  cmain.o [5]
  .text                ro code  0x00005dae     0x4  low_level_init.o [3]
  .text                ro code  0x00005db2     0x4  exit.o [3]
  .text                ro code  0x00005db8     0xa  cexit.o [5]
  .text                ro code  0x00005dc4     0xc  XXexit.o [5]
  .rodata              const    0x00005dd0    0x18  VCAN_OV7725_Eagle.o [1]
  .rodata              const    0x00005de8    0x18  VCAN_OV7725_Eagle.o [1]
  .text                ro code  0x00005e00    0x16  xprout.o [3]
  .text                ro code  0x00005e18     0xc  putchar.o [3]
  .rodata              const    0x00005e24    0x14  MK60_conf.o [1]
  .rodata              const    0x00005e38    0x14  VCAN_OV7725_Eagle.o [1]
  .text                ro code  0x00005e4c     0xc  cstartup_M.o [5]
  Initializer bytes    ro data  0x00005e58    0x88  <for P2 s0>
                              - 0x00005ee0  0x5ac8

"P2", part 1 of 3:                           0xa30
  .data                         0x1fff0410   0x868  <Block>
    .data-1                     0x1fff0410   0x868  <Init block>
      .data            inited   0x1fff0410     0x1  camera_test.o [1]
      .data            inited   0x1fff0411     0x1  camera_test.o [1]
      .data            inited   0x1fff0414     0x4  camera_test.o [1]
      .data            inited   0x1fff0418     0x4  camera_test.o [1]
      .data            inited   0x1fff041c   0x708  MK60_conf.o [1]
      .data            inited   0x1fff0b24     0xc  MK60_ftm.o [1]
      .data            inited   0x1fff0b30    0x14  MK60_gpio.o [1]
      .data            inited   0x1fff0b44    0x44  MK60_mcg.o [1]
      .data            inited   0x1fff0b88     0x4  MK60_mcg.o [1]
      .data            inited   0x1fff0b8c    0x14  MK60_port.o [1]
      .data            inited   0x1fff0ba0    0x18  MK60_uart.o [1]
      .data            inited   0x1fff0bb8     0x2  motor.o [1]
      .data            inited   0x1fff0bba     0x2  motor.o [1]
      .data            inited   0x1fff0bbc     0x2  motor.o [1]
      .data            inited   0x1fff0bbe     0x2  motor.o [1]
      .data            inited   0x1fff0bc0     0x8  VCAN_key.o [1]
      .data            inited   0x1fff0bc8     0x4  VCAN_LED.o [1]
      .data            inited   0x1fff0bcc     0x1  VCAN_OV7725_Eagle.o [1]
      .data            inited   0x1fff0bd0    0x64  VCAN_OV7725_Eagle.o [1]
      .data            inited   0x1fff0c34     0x1  VCAN_OV7725_Eagle.o [1]
      .data            inited   0x1fff0c38    0x40  xfiles.o [3]
  CodeRelocateRam               0x1fff0c78   0x1c8  <Block>
    CodeRelocateRam-1           0x1fff0c78   0x1c8  <Init block>
      Veneer           inited   0x1fff0c78     0x8  - Linker created -
      Veneer           inited   0x1fff0c80     0x8  - Linker created -
      .textrw          inited   0x1fff0c88   0x168  MK60_flash.o [1]
      .textrw          inited   0x1fff0df0    0x50  MK60_mcg.o [1]
                              - 0x1fff0e40   0xa30

"P2", part 2 of 3:                          0x16bc
  .bss                          0x1fff0e40  0x16b9  <Block>
    .bss               zero     0x1fff0e40     0x4  camera_test.o [1]
    .bss               zero     0x1fff0e44     0x4  camera_test.o [1]
    .bss               zero     0x1fff0e48     0x4  camera_test.o [1]
    .bss               zero     0x1fff0e4c     0x4  camera_test.o [1]
    .bss               zero     0x1fff0e50     0x4  camera_test.o [1]
    .bss               zero     0x1fff0e54     0x4  camera_test.o [1]
    .bss               zero     0x1fff0e58   0x258  camera_test.o [1]
    .bss               zero     0x1fff10b0  0x12c0  camera_test.o [1]
    .bss               zero     0x1fff2370     0x4  camera_test.o [1]
    .bss               zero     0x1fff2374     0x4  camera_test.o [1]
    .bss               zero     0x1fff2378    0x50  camera_test.o [1]
    .bss               zero     0x1fff23c8    0x50  camera_test.o [1]
    .bss               zero     0x1fff2418     0x4  camera_test.o [1]
    .bss               zero     0x1fff241c     0x4  camera_test.o [1]
    .bss               zero     0x1fff2420     0x4  camera_test.o [1]
    .bss               zero     0x1fff2424     0x4  camera_test.o [1]
    .bss               zero     0x1fff2428     0x4  camera_test.o [1]
    .bss               zero     0x1fff242c     0x4  camera_test.o [1]
    .bss               zero     0x1fff2430     0x4  camera_test.o [1]
    .bss               zero     0x1fff2434     0x4  encoder.o [1]
    .bss               zero     0x1fff2438     0x4  encoder.o [1]
    .bss               zero     0x1fff243c     0xc  MK60_ftm.o [1]
    .bss               zero     0x1fff2448     0x4  motor.o [1]
    .bss               zero     0x1fff244c     0x4  motor.o [1]
    .bss               zero     0x1fff2450     0x4  motor.o [1]
    .bss               zero     0x1fff2454     0x4  motor.o [1]
    .bss               zero     0x1fff2458     0x4  motor.o [1]
    .bss               zero     0x1fff245c     0x4  motor.o [1]
    .bss               zero     0x1fff2460     0x4  motor.o [1]
    .bss               zero     0x1fff2464    0x2c  PID.o [1]
    .bss               zero     0x1fff2490     0x4  system_MK60DZ10.o [1]
    .bss               zero     0x1fff2494     0x4  system_MK60DZ10.o [1]
    .bss               zero     0x1fff2498     0x4  system_MK60DZ10.o [1]
    .bss               zero     0x1fff249c     0x4  VCAN_OV7725_Eagle.o [1]
    .bss               zero     0x1fff24a0    0x50  xfiles.o [3]
    .bss               zero     0x1fff24f0     0x2  encoder.o [1]
    .bss               zero     0x1fff24f2     0x2  encoder.o [1]
    .bss               zero     0x1fff24f4     0x1  camera_test.o [1]
    .bss               zero     0x1fff24f5     0x1  camera_test.o [1]
    .bss               zero     0x1fff24f6     0x1  camera_test.o [1]
    .bss               zero     0x1fff24f7     0x1  camera_test.o [1]
    .bss               zero     0x1fff24f8     0x1  main.o [1]
                              - 0x1fff24f9  0x16b9

"P2", part 3 of 3:                            0x88
  P2 s0                         0x1fff24fc    0x88  <Init block>
    __DLIB_PERTHREAD   inited   0x1fff24fc    0x88  localeconv.o [3]
                              - 0x1fff2584    0x88


*******************************************************************************
*** INIT TABLE
***

          Address     Size
          -------     ----
Zero (__iar_zero_init3)
    1 destination range, total size 0x16b9:
          0x1fff0e40  0x16b9



*******************************************************************************
*** MODULE SUMMARY
***

    Module                 ro code  rw code  ro data  rw data
    ------                 -------  -------  -------  -------
C:\Users\lenovo\Desktop\·É¿¨·É¿¨\my third son¿ª\my third son0611³¬³µÈý\my third son0610³¬³µ\Prj\IAR\DZ10_Debug\Obj: [1]
    MK60_PIT.o                 164                88
    MK60_SysTick.o             100                88
    MK60_conf.o                320             1 948    1 800
    MK60_dma.o                 644                84
    MK60_flash.o                        360      444
    MK60_ftm.o                 932               100       24
    MK60_gpio.o                296               104       20
    MK60_it.o                   56
    MK60_lptmr.o               208                88
    MK60_mcg.o                 968       80      152       72
    MK60_port.o                176                20       20
    MK60_uart.o                588               108       24
    MK60_wdog.o                 64
    OLED.o                   1 376             1 884
    PID.o                      128                         44
    VCAN_LED.o                 112                 4        4
    VCAN_OV7725_Eagle.o        576               277      106
    VCAN_SCCB.o                866
    VCAN_camera.o              148                 2
    VCAN_key.o                 156                 8        8
    camera_test.o            1 532                12    5 634
    encoder.o                  104                         12
    key.o                      204
    main.o                     284                          1
    misc.o                      80                80
    motor.o                    308                 8       36
    servo.o                     38
    startup_MK60DZ10.o           8
    system_MK60DZ10.o          304                         12
    vectors.o                                  1 040
    ---------------------------------------------------------
    Total:                  10 740      440    6 539    7 817

command line: [2]
    ---------------------------------------------------------
    Total:

dl7M_tlf.a: [3]
    div.o                       14
    exit.o                       4
    localeconv.o               108               136      136
    low_level_init.o             4
    printf.o                    36
    putchar.o                   12
    sprintf.o                   52
    xfiles.o                                      67      144
    xprintflarge_nomb.o      3 058
    xprout.o                    22
    xsprout.o                   10
    xtls.o                       2
    ---------------------------------------------------------
    Total:                   3 322               203      280

m7M_tl.a: [4]
    DblAdd.o                   232
    DblCmpLe.o                  46
    DblDiv.o                   582
    DblMul.o                   418
    DblSub.o                   384
    DblToFlt.o                 144
    DblToI32.o                  44
    FltAdd.o                   132
    FltMul.o                   216
    FltSub.o                   230
    FltToDbl.o                  78
    FltToS32.o                  68
    I32ToDbl.o                  48
    I32ToFlt.o                  50
    xdnorm.o                    66
    ---------------------------------------------------------
    Total:                   2 738

rt7M_tl.a: [5]
    ABImemcpy_unaligned.o      118
    I64DivMod.o                238
    I64DivZer.o                  2
    XXexit.o                    12
    cexit.o                     10
    cmain.o                     26
    cstartup_M.o                12
    data_init.o                 40
    memchr.o                    88
    strchr.o                    22
    strlen.o                    54
    zero_init3.o                34
    ---------------------------------------------------------
    Total:                     656

    Gaps                        28                          8
    Linker created              24       16       36
-------------------------------------------------------------
    Grand Total:            17 508      456    6 778    8 105


*******************************************************************************
*** ENTRY LIST
***

Entry                      Address    Size  Type      Object
-----                      -------    ----  ----      ------
.bss$$Base              0x1fff0e40           --   Gb  - Linker created -
.bss$$Limit             0x1fff24f9           --   Gb  - Linker created -
.data$$Base             0x1fff0410           --   Gb  - Linker created -
.data$$Limit            0x1fff0c78           --   Gb  - Linker created -
.data_init$$Base        0x000019e8           --   Gb  - Linker created -
.data_init$$Limit       0x00002254           --   Gb  - Linker created -
?main                   0x00005d95          Code  Gb  cmain.o [5]
ASSERT_FAILED_STR       0x00005cbc    0x24  Data  Gb  MK60_conf.o [1]
CodeRelocate$$Base      0x00004ef4           --   Gb  - Linker created -
CodeRelocate$$Limit     0x000050bc           --   Gb  - Linker created -
CodeRelocateRam$$Base   0x1fff0c78           --   Gb  - Linker created -
CodeRelocateRam$$Limit  0x1fff0e40           --   Gb  - Linker created -
DMA_CH0_IRQHandler      0x00005c8d     0x8  Code  Gb  MK60_it.o [1]
DataReset               0x000025a9    0x4e  Code  Gb  camera_test.o [1]
DutyDis                 0x000046d5    0x40  Code  Gb  OLED.o [1]
F14x16                  0x000050bc   0x150  Data  Gb  OLED.o [1]
F14x16_Idx              0x00005d78    0x1c  Data  Gb  OLED.o [1]
F8X16                   0x00003bfc   0x5f0  Data  Gb  OLED.o [1]
FTMN                    0x1fff0b24     0xc  Data  Gb  MK60_ftm.o [1]
FTM_port_mux            0x00004b51   0x118  Code  Lc  MK60_ftm.o [1]
GOAHEAD                 0x1fff2430     0x4  Data  Gb  camera_test.o [1]
GPIOX                   0x1fff0b30    0x14  Data  Gb  MK60_gpio.o [1]
GetPulse                0x000058b9    0x68  Code  Gb  encoder.o [1]
ImageProc               0x00002275   0x334  Code  Gb  camera_test.o [1]
InitPID                 0x00002c05    0x2c  Code  Gb  PID.o [1]
KEY_PTxn                0x1fff0bc0     0x8  Data  Gb  VCAN_key.o [1]
KeyScan                 0x00005691    0x14  Code  Gb  key.o [1]
LED_PTxn                0x1fff0bc8     0x4  Data  Gb  VCAN_LED.o [1]
LPT_Handler             0x000055bd    0x18  Code  Gb  main.o [1]
LPT_INT_count           0x1fff24f8     0x1  Data  Gb  main.o [1]
Motor                   0x0000520d    0x10  Code  Gb  motor.o [1]
MotorDuty               0x0000522f    0xda  Code  Gb  motor.o [1]
MotorInit               0x0000521d    0x12  Code  Gb  motor.o [1]
MyInit                  0x00005537    0x4a  Code  Gb  main.o [1]
Mycamera                0x00002255    0x20  Code  Gb  camera_test.o [1]
NVIC_DisableIRQ         0x00002869    0x18  Code  Lc  VCAN_OV7725_Eagle.o [1]
NVIC_EnableIRQ          0x00005679    0x18  Code  Lc  key.o [1]
NVIC_EnableIRQ          0x00005815    0x18  Code  Lc  MK60_PIT.o [1]
NVIC_EnableIRQ          0x00002851    0x18  Code  Lc  VCAN_OV7725_Eagle.o [1]
NVIC_SetPriority        0x000054e5    0x22  Code  Lc  main.o [1]
NVIC_SystemReset        0x0000363d    0x1a  Code  Lc  MK60_conf.o [1]
OLED_DLY_ms             0x000042f1    0x1c  Code  Gb  OLED.o [1]
OLED_Fill               0x000042b1    0x40  Code  Gb  OLED.o [1]
OLED_Init               0x0000430d   0x112  Code  Gb  OLED.o [1]
OLED_P14x16Str          0x000044c9   0x136  Code  Gb  OLED.o [1]
OLED_P8x16Str           0x0000441f    0xaa  Code  Gb  OLED.o [1]
OLED_Print              0x000045ff    0x6a  Code  Gb  OLED.o [1]
OLED_Set_Pos            0x00004283    0x2e  Code  Gb  OLED.o [1]
OLED_WrCmd              0x00004239    0x4a  Code  Gb  OLED.o [1]
OLED_WrDat              0x000041ed    0x4a  Code  Gb  OLED.o [1]
PID_LocPIDCalc          0x00002c31    0x54  Code  Gb  PID.o [1]
PITInit                 0x00005581    0x3a  Code  Gb  main.o [1]
PORTB_IRQHandler        0x00005c5d    0x2c  Code  Gb  MK60_it.o [1]
PORTE_IRQHandler        0x000056a5    0x8e  Code  Gb  key.o [1]
PORTX                   0x1fff0b8c    0x14  Data  Gb  MK60_port.o [1]
Region$$Table$$Base     0x00005d28           --   Gb  - Linker created -
Region$$Table$$Limit    0x00005d38           --   Gb  - Linker created -
Reset_Handler           0x00000411          Code  Gb  startup_MK60DZ10.o [1]
SCCB_Ack                0x00003135    0x3c  Code  Lc  VCAN_SCCB.o [1]
SCCB_GPIO_init          0x0000307b    0x28  Code  Gb  VCAN_SCCB.o [1]
SCCB_NoAck              0x00003171    0x3c  Code  Lc  VCAN_SCCB.o [1]
SCCB_ReadByte           0x00003311    0x2c  Code  Gb  VCAN_SCCB.o [1]
SCCB_ReadByte_one       0x0000333d    0x86  Code  Lc  VCAN_SCCB.o [1]
SCCB_ReceiveByte        0x0000323d    0x54  Code  Lc  VCAN_SCCB.o [1]
SCCB_SendByte           0x000031f9    0x44  Code  Lc  VCAN_SCCB.o [1]
SCCB_Start              0x000030a3    0x5e  Code  Lc  VCAN_SCCB.o [1]
SCCB_Stop               0x00003101    0x34  Code  Lc  VCAN_SCCB.o [1]
SCCB_WaitAck            0x000031ad    0x4c  Code  Lc  VCAN_SCCB.o [1]
SCCB_WriteByte          0x000032a1    0x28  Code  Gb  VCAN_SCCB.o [1]
SCCB_WriteByte_one      0x000032c9    0x48  Code  Lc  VCAN_SCCB.o [1]
SCCB_delay              0x00003061    0x1a  Code  Lc  VCAN_SCCB.o [1]
Servo                   0x00005651    0x10  Code  Gb  servo.o [1]
ServoInit               0x00005665    0x12  Code  Gb  servo.o [1]
SevPID                  0x1fff2464    0x2c  Data  Gb  PID.o [1]
UARTN                   0x1fff0ba0    0x18  Data  Gb  MK60_uart.o [1]
_GenldLargeNoMb         0x00000d8d   0x234  Code  Lc  xprintflarge_nomb.o [3]
_LdtobLargeNoMb         0x00000b09   0x27e  Code  Lc  xprintflarge_nomb.o [3]
_LitobLargeNoMb         0x000009f5   0x10c  Code  Lc  xprintflarge_nomb.o [3]
_Locale_aeabi_lconv     0x1fff254c    0x38  Data  Gb  localeconv.o [3]
_Locale_lconv           0x1fff24fc    0x50  Data  Gb  localeconv.o [3]
_PrintfLargeNoMb        0x00000419   0x5d6  Code  Gb  xprintflarge_nomb.o [3]
_Prout                  0x00005e01    0x16  Code  Gb  xprout.o [3]
_PutcharsLargeNoMb      0x00000fc1    0x2e  Code  Lc  xprintflarge_nomb.o [3]
_SProut                 0x00001043     0xa  Code  Gb  xsprout.o [3]
__BOOT_STACK_ADDRESS {Abs}
                        0x2000fff8           --   Gb  command line/config [2]
__VECTOR_RAM {Abs}      0x1fff0000           --   Gb  command line/config [2]
__VECTOR_TABLE {Abs}    0x00000000           --   Gb  command line/config [2]
__aeabi_cdcmple         0x00001285          Code  Gb  DblCmpLe.o [4]
__aeabi_d2f             0x00002b75          Code  Gb  DblToFlt.o [4]
__aeabi_d2uiz           0x000016a1          Code  Gb  DblToI32.o [4]
__aeabi_dadd            0x000018fd          Code  Gb  DblAdd.o [4]
__aeabi_ddiv            0x00001459          Code  Gb  DblDiv.o [4]
__aeabi_dmul            0x000012b5          Code  Gb  DblMul.o [4]
__aeabi_dsub            0x000016fd          Code  Gb  DblSub.o [4]
__aeabi_f2d             0x00002b25          Code  Gb  FltToDbl.o [4]
__aeabi_f2iz            0x00002c85          Code  Gb  FltToS32.o [4]
__aeabi_fadd            0x000034d1          Code  Gb  FltAdd.o [4]
__aeabi_fmul            0x00003555          Code  Gb  FltMul.o [4]
__aeabi_fsub            0x000033e9          Code  Gb  FltSub.o [4]
__aeabi_i2d             0x000016cd          Code  Gb  I32ToDbl.o [4]
__aeabi_i2f             0x00005341          Code  Gb  I32ToFlt.o [4]
__aeabi_ldiv0           0x000018f9          Code  Gb  I64DivZer.o [5]
__aeabi_ui2d            0x000016e1          Code  Gb  I32ToDbl.o [4]
__aeabi_ui2f            0x00005355          Code  Gb  I32ToFlt.o [4]
__aeabi_uldivmod        0x000010dd          Code  Gb  I64DivMod.o [5]
__cmain                 0x00005d95          Code  Gb  cmain.o [5]
__exit                  0x00005dc5          Code  Gb  XXexit.o [5]
__iar_Dnorm             0x00001243    0x42  Code  Gb  xdnorm.o [4]
__iar_Locale_lconv_init
                        0x0000187d    0x3a  Code  Gb  localeconv.o [3]
__iar_Memchr            0x00001085          Code  Gb  memchr.o [5]
__iar_Stdout            0x1fff0c38    0x40  Data  Gb  xfiles.o [3]
__iar_Strchr            0x0000102d          Code  Gb  strchr.o [5]
__iar_d2uiz             0x000016ad          Code  Gb  DblToI32.o [4]
__iar_dadd              0x00001911          Code  Gb  DblAdd.o [4]
__iar_data_init3        0x00005c95    0x28  Code  Gb  data_init.o [5]
__iar_dlib_perthread_access
                        0x000019e5     0x2  Code  Gb  xtls.o [3]
__iar_dsub              0x00001711          Code  Gb  DblSub.o [4]
__iar_dsubStart         0x00001723          Code  Gb  DblSub.o [4]
__iar_fadd              0x000034e1          Code  Gb  FltAdd.o [4]
__iar_fsub              0x000033f9          Code  Gb  FltSub.o [4]
__iar_fsubStart         0x00003409          Code  Gb  FltSub.o [4]
__iar_program_start     0x00005e4d          Code  Gb  cstartup_M.o [5]
__iar_ui2d              0x000016e5          Code  Gb  I32ToDbl.o [4]
__iar_ui2f              0x00005359          Code  Gb  I32ToFlt.o [4]
__iar_unaligned___aeabi_memcpy
                        0x000011cd          Code  Gb  ABImemcpy_unaligned.o [5]
__iar_unaligned___aeabi_memcpy4
                        0x000011ed          Code  Gb  ABImemcpy_unaligned.o [5]
__iar_unaligned___aeabi_memcpy8
                        0x000011ed          Code  Gb  ABImemcpy_unaligned.o [5]
__iar_zero_init3        0x0000100b    0x22  Code  Gb  zero_init3.o [5]
__low_level_init        0x00005daf     0x4  Code  Gb  low_level_init.o [3]
__vector_table          0x00000000   0x410  Data  Gb  vectors.o [1]
_call_main              0x00005da1          Code  Gb  cmain.o [5]
_exit                   0x00005db9          Code  Gb  cexit.o [5]
_main                   0x00005dab          Code  Gb  cmain.o [5]
act_last_speed          0x1fff2438     0x4  Data  Gb  encoder.o [1]
act_speed               0x1fff2434     0x4  Data  Gb  encoder.o [1]
aim_speed               0x1fff2450     0x4  Data  Gb  motor.o [1]
assert_failed           0x00003657    0x26  Code  Gb  MK60_conf.o [1]
bus_clk_khz             0x1fff2498     0x4  Data  Gb  system_MK60DZ10.o [1]
centure                 0x1fff24f4     0x1  Data  Gb  camera_test.o [1]
centureErr              0x1fff0e4c     0x4  Data  Gb  camera_test.o [1]
centureErrDis           0x0000469f    0x36  Code  Gb  OLED.o [1]
common_startup          0x000053d3    0x98  Code  Gb  system_MK60DZ10.o [1]
core_clk_khz            0x1fff2490     0x4  Data  Gb  system_MK60DZ10.o [1]
core_clk_mhz            0x1fff2494     0x4  Data  Gb  system_MK60DZ10.o [1]
count                   0x1fff24f0     0x2  Data  Gb  encoder.o [1]
default_isr             0x0000372b    0x30  Code  Gb  MK60_conf.o [1]
div                     0x000018e9     0xe  Code  Gb  div.o [3]
dma_gpio_input_init     0x00002d2d    0x5c  Code  Lc  MK60_dma.o [1]
dma_portx2buff_init     0x00002d89   0x1f4  Code  Gb  MK60_dma.o [1]
exit                    0x00005db3     0x4  Code  Gb  exit.o [3]
flash_cmd               0x1fff0c89    0x20  Code  Gb  MK60_flash.o [1]
flash_erase_sector      0x1fff0cd9    0x58  Code  Gb  MK60_flash.o [1]
flash_init              0x1fff0ca9    0x30  Code  Gb  MK60_flash.o [1]
flash_write             0x1fff0d31    0x8e  Code  Gb  MK60_flash.o [1]
fputc                   0x0000367d    0x14  Code  Gb  MK60_conf.o [1]
ftm_mod                 0x1fff243c     0xc  Data  Lc  MK60_ftm.o [1]
ftm_pwm_duty            0x00004df3    0xe8  Code  Gb  MK60_ftm.o [1]
ftm_pwm_init            0x00004c69   0x18a  Code  Gb  MK60_ftm.o [1]
gpio_get                0x00003863    0x3a  Code  Gb  MK60_gpio.o [1]
gpio_init               0x0000377d    0xae  Code  Gb  MK60_gpio.o [1]
gpio_turn               0x0000382b    0x38  Code  Gb  MK60_gpio.o [1]
i                       0x1fff2370     0x4  Data  Gb  camera_test.o [1]
img                     0x1fff10b0  0x12c0  Data  Gb  camera_test.o [1]
img_extract             0x00002a91    0x94  Code  Gb  VCAN_camera.o [1]
imgbuff                 0x1fff0e58   0x258  Data  Gb  camera_test.o [1]
j                       0x1fff2374     0x4  Data  Gb  camera_test.o [1]
key_check               0x00003bcd    0x2a  Code  Gb  VCAN_key.o [1]
key_get                 0x00003bb3    0x1a  Code  Gb  VCAN_key.o [1]
key_init                0x00003b61    0x52  Code  Gb  VCAN_key.o [1]
kpp                     0x1fff245c     0x4  Data  Gb  motor.o [1]
led_init                0x000038a5    0x3a  Code  Gb  VCAN_LED.o [1]
led_turn                0x000038df    0x32  Code  Gb  VCAN_LED.o [1]
leftEdgeflag            0x1fff0410     0x1  Data  Gb  camera_test.o [1]
leftPos                 0x1fff0e44     0x4  Data  Gb  camera_test.o [1]
localeconv              0x000018b7    0x16  Code  Gb  localeconv.o [3]
lptmr_pulse_clean       0x000057df    0x1a  Code  Gb  MK60_lptmr.o [1]
lptmr_pulse_get         0x000057c3    0x1c  Code  Gb  MK60_lptmr.o [1]
lptmr_pulse_init        0x00005745    0x7e  Code  Gb  MK60_lptmr.o [1]
main                    0x00005507    0x30  Code  Gb  main.o [1]
mcg_cfg                 0x1fff0b44    0x44  Data  Gb  MK60_mcg.o [1]
mcg_div                 0x1fff0b88     0x4  Data  Gb  MK60_mcg.o [1]
mcg_div_count           0x00004789   0x2fa  Code  Gb  MK60_mcg.o [1]
memchr                  0x00001085          Code  Gb  memchr.o [5]
motorErr                0x1fff2448     0x4  Data  Gb  motor.o [1]
motorErr1               0x1fff244c     0x4  Data  Gb  motor.o [1]
motor_ki                0x1fff0bbe     0x2  Data  Gb  motor.o [1]
motor_kp                0x1fff0bbc     0x2  Data  Gb  motor.o [1]
motor_last_pid          0x1fff2454     0x4  Data  Gb  motor.o [1]
motor_pid               0x1fff2458     0x4  Data  Gb  motor.o [1]
obuf                    0x1fff24a0    0x50  Data  Lc  xfiles.o [3]
out                     0x1fff2460     0x4  Data  Gb  motor.o [1]
ov7725_eagle_cfgnum     0x1fff0c34     0x1  Data  Gb  VCAN_OV7725_Eagle.o [1]
ov7725_eagle_dma        0x00002939    0x14  Code  Gb  VCAN_OV7725_Eagle.o [1]
ov7725_eagle_get_img    0x0000294d    0x42  Code  Gb  VCAN_OV7725_Eagle.o [1]
ov7725_eagle_img_buff   0x1fff249c     0x4  Data  Gb  VCAN_OV7725_Eagle.o [1]
ov7725_eagle_img_flag   0x1fff0bcc     0x1  Data  Gb  VCAN_OV7725_Eagle.o [1]
ov7725_eagle_init       0x00002881    0x18  Code  Gb  VCAN_OV7725_Eagle.o [1]
ov7725_eagle_port_init  0x00002899    0x54  Code  Lc  VCAN_OV7725_Eagle.o [1]
ov7725_eagle_reg        0x1fff0bd0    0x64  Data  Gb  VCAN_OV7725_Eagle.o [1]
ov7725_eagle_reg_init   0x0000298f    0xb0  Code  Lc  VCAN_OV7725_Eagle.o [1]
ov7725_eagle_vsync      0x000028ed    0x4c  Code  Gb  VCAN_OV7725_Eagle.o [1]
ovtCul                  0x00002721    0xa2  Code  Gb  camera_test.o [1]
ovtStart                0x000025f7   0x12a  Code  Gb  camera_test.o [1]
ovtflag                 0x1fff24f6     0x1  Data  Gb  camera_test.o [1]
ovtleft                 0x1fff2378    0x50  Data  Gb  camera_test.o [1]
ovtleftMax              0x1fff2428     0x4  Data  Gb  camera_test.o [1]
ovtleftMin              0x1fff0414     0x4  Data  Gb  camera_test.o [1]
ovtright                0x1fff23c8    0x50  Data  Gb  camera_test.o [1]
ovtrightMax             0x1fff242c     0x4  Data  Gb  camera_test.o [1]
ovtrightMin             0x1fff0418     0x4  Data  Gb  camera_test.o [1]
pit_init                0x0000582d    0x76  Code  Gb  MK60_PIT.o [1]
pll_init                0x00004a83    0xb2  Code  Gb  MK60_mcg.o [1]
port_init               0x00002fb1    0x44  Code  Gb  MK60_port.o [1]
port_init_NoALT         0x00002ff5    0x62  Code  Gb  MK60_port.o [1]
printf                  0x000033c5    0x24  Code  Gb  printf.o [3]
putchar                 0x00005e19     0xc  Code  Gb  putchar.o [3]
rightEdgeflag           0x1fff0411     0x1  Data  Gb  camera_test.o [1]
rightPos                0x1fff0e48     0x4  Data  Gb  camera_test.o [1]
servPWMDuty             0x1fff0e40     0x4  Data  Gb  camera_test.o [1]
servPWMDutyDis          0x00004669    0x36  Code  Gb  OLED.o [1]
servPWMErr              0x1fff0e54     0x4  Data  Gb  camera_test.o [1]
servflag                0x1fff24f7     0x1  Data  Gb  camera_test.o [1]
set_sys_dividers        0x1fff0df1    0x50  Code  Gb  MK60_mcg.o [1]
set_vector_handler      0x00005623    0x22  Code  Gb  misc.o [1]
speed_out_set           0x1fff0bb8     0x2  Data  Gb  motor.o [1]
speed_out_set_str       0x1fff0bba     0x2  Data  Gb  motor.o [1]
sprintf                 0x0000474d    0x34  Code  Gb  sprintf.o [3]
start                   0x00005375    0x22  Code  Gb  system_MK60DZ10.o [1]
start_check             0x00003691    0x9a  Code  Gb  MK60_conf.o [1]
strchr                  0x0000102d          Code  Gb  strchr.o [5]
strlen                  0x0000104d          Code  Gb  strlen.o [5]
sysinit                 0x00005397    0x3c  Code  Gb  system_MK60DZ10.o [1]
systick_delay           0x00002cc9    0x36  Code  Gb  MK60_SysTick.o [1]
systick_delay_ms        0x00002cff    0x18  Code  Gb  MK60_SysTick.o [1]
tee                     0x1fff24f2     0x2  Data  Gb  encoder.o [1]
time                    0x1fff24f5     0x1  Data  Gb  camera_test.o [1]
turn                    0x1fff0e50     0x4  Data  Gb  camera_test.o [1]
uart_init               0x00003915   0x218  Code  Gb  MK60_uart.o [1]
uart_putchar            0x00003b2d    0x1a  Code  Gb  MK60_uart.o [1]
vector_str              0x1fff041c   0x708  Data  Gb  MK60_conf.o [1]
wdog_disable            0x000054a5    0x16  Code  Gb  MK60_wdog.o [1]
wdog_unlock             0x000054bb    0x20  Code  Lc  MK60_wdog.o [1]
whiteNum                0x1fff2418     0x4  Data  Gb  camera_test.o [1]
whiteNum_last           0x1fff2420     0x4  Data  Gb  camera_test.o [1]
whitejudge              0x1fff241c     0x4  Data  Gb  camera_test.o [1]
whitejudge1             0x1fff2424     0x4  Data  Gb  camera_test.o [1]
write_vtor              0x00005601    0x22  Code  Gb  misc.o [1]


[1] = C:\Users\lenovo\Desktop\·É¿¨·É¿¨\my third son¿ª\my third son0611³¬³µÈý\my third son0610³¬³µ\Prj\IAR\DZ10_Debug\Obj
[2] = command line
[3] = dl7M_tlf.a
[4] = m7M_tl.a
[5] = rt7M_tl.a

  17 508 bytes of readonly  code memory
     456 bytes of readwrite code memory
   6 778 bytes of readonly  data memory
   8 105 bytes of readwrite data memory

Errors: none
Warnings: none
