###############################################################################
#                                                                             #
# IAR ELF Linker V6.70.1.5641/W32 for ARM               04/Apr/2016  21:48:20 #
# Copyright 2007-2013 IAR Systems AB.                                         #
#                                                                             #
#    Output file  =  C:\Users\lenovo\Desktop\·É¿¨·É¿¨\my third                #
#                    son\Prj\IAR\DZ10_Release\Exe\vcan_Kinetis.out            #
#    Map file     =  C:\Users\lenovo\Desktop\·É¿¨·É¿¨\my third                #
#                    son\Prj\IAR\DZ10_Release\List\vcan_Kinetis.map           #
#    Command line =  "C:\Users\lenovo\Desktop\·É¿¨·É¿¨\my third               #
#                    son\Prj\IAR\DZ10_Release\Obj\camera_test.o"              #
#                    "C:\Users\lenovo\Desktop\·É¿¨·É¿¨\my third               #
#                    son\Prj\IAR\DZ10_Release\Obj\diskio.o"                   #
#                    "C:\Users\lenovo\Desktop\·É¿¨·É¿¨\my third               #
#                    son\Prj\IAR\DZ10_Release\Obj\ff.o"                       #
#                    "C:\Users\lenovo\Desktop\·É¿¨·É¿¨\my third               #
#                    son\Prj\IAR\DZ10_Release\Obj\main.o"                     #
#                    "C:\Users\lenovo\Desktop\·É¿¨·É¿¨\my third               #
#                    son\Prj\IAR\DZ10_Release\Obj\misc.o"                     #
#                    "C:\Users\lenovo\Desktop\·É¿¨·É¿¨\my third               #
#                    son\Prj\IAR\DZ10_Release\Obj\MK60_adc.o"                 #
#                    "C:\Users\lenovo\Desktop\·É¿¨·É¿¨\my third               #
#                    son\Prj\IAR\DZ10_Release\Obj\MK60_can.o"                 #
#                    "C:\Users\lenovo\Desktop\·É¿¨·É¿¨\my third               #
#                    son\Prj\IAR\DZ10_Release\Obj\MK60_conf.o"                #
#                    "C:\Users\lenovo\Desktop\·É¿¨·É¿¨\my third               #
#                    son\Prj\IAR\DZ10_Release\Obj\MK60_dac.o"                 #
#                    "C:\Users\lenovo\Desktop\·É¿¨·É¿¨\my third               #
#                    son\Prj\IAR\DZ10_Release\Obj\MK60_dma.o"                 #
#                    "C:\Users\lenovo\Desktop\·É¿¨·É¿¨\my third               #
#                    son\Prj\IAR\DZ10_Release\Obj\MK60_DWT.o"                 #
#                    "C:\Users\lenovo\Desktop\·É¿¨·É¿¨\my third               #
#                    son\Prj\IAR\DZ10_Release\Obj\MK60_flash.o"               #
#                    "C:\Users\lenovo\Desktop\·É¿¨·É¿¨\my third               #
#                    son\Prj\IAR\DZ10_Release\Obj\MK60_flexbus.o"             #
#                    "C:\Users\lenovo\Desktop\·É¿¨·É¿¨\my third               #
#                    son\Prj\IAR\DZ10_Release\Obj\MK60_ftm.o"                 #
#                    "C:\Users\lenovo\Desktop\·É¿¨·É¿¨\my third               #
#                    son\Prj\IAR\DZ10_Release\Obj\MK60_gpio.o"                #
#                    "C:\Users\lenovo\Desktop\·É¿¨·É¿¨\my third               #
#                    son\Prj\IAR\DZ10_Release\Obj\MK60_i2c.o"                 #
#                    "C:\Users\lenovo\Desktop\·É¿¨·É¿¨\my third               #
#                    son\Prj\IAR\DZ10_Release\Obj\MK60_it.o"                  #
#                    "C:\Users\lenovo\Desktop\·É¿¨·É¿¨\my third               #
#                    son\Prj\IAR\DZ10_Release\Obj\MK60_lptmr.o"               #
#                    "C:\Users\lenovo\Desktop\·É¿¨·É¿¨\my third               #
#                    son\Prj\IAR\DZ10_Release\Obj\MK60_mcg.o"                 #
#                    "C:\Users\lenovo\Desktop\·É¿¨·É¿¨\my third               #
#                    son\Prj\IAR\DZ10_Release\Obj\MK60_PIT.o"                 #
#                    "C:\Users\lenovo\Desktop\·É¿¨·É¿¨\my third               #
#                    son\Prj\IAR\DZ10_Release\Obj\MK60_port.o"                #
#                    "C:\Users\lenovo\Desktop\·É¿¨·É¿¨\my third               #
#                    son\Prj\IAR\DZ10_Release\Obj\MK60_rtc.o"                 #
#                    "C:\Users\lenovo\Desktop\·É¿¨·É¿¨\my third               #
#                    son\Prj\IAR\DZ10_Release\Obj\MK60_sdhc.o"                #
#                    "C:\Users\lenovo\Desktop\·É¿¨·É¿¨\my third               #
#                    son\Prj\IAR\DZ10_Release\Obj\MK60_spi.o"                 #
#                    "C:\Users\lenovo\Desktop\·É¿¨·É¿¨\my third               #
#                    son\Prj\IAR\DZ10_Release\Obj\MK60_SysTick.o"             #
#                    "C:\Users\lenovo\Desktop\·É¿¨·É¿¨\my third               #
#                    son\Prj\IAR\DZ10_Release\Obj\MK60_uart.o"                #
#                    "C:\Users\lenovo\Desktop\·É¿¨·É¿¨\my third               #
#                    son\Prj\IAR\DZ10_Release\Obj\MK60_usb.o"                 #
#                    "C:\Users\lenovo\Desktop\·É¿¨·É¿¨\my third               #
#                    son\Prj\IAR\DZ10_Release\Obj\MK60_wdog.o"                #
#                    "C:\Users\lenovo\Desktop\·É¿¨·É¿¨\my third               #
#                    son\Prj\IAR\DZ10_Release\Obj\motor.o"                    #
#                    "C:\Users\lenovo\Desktop\·É¿¨·É¿¨\my third               #
#                    son\Prj\IAR\DZ10_Release\Obj\servo.o"                    #
#                    "C:\Users\lenovo\Desktop\·É¿¨·É¿¨\my third               #
#                    son\Prj\IAR\DZ10_Release\Obj\startup_MK60DZ10.o"         #
#                    "C:\Users\lenovo\Desktop\·É¿¨·É¿¨\my third               #
#                    son\Prj\IAR\DZ10_Release\Obj\system_MK60DZ10.o"          #
#                    "C:\Users\lenovo\Desktop\·É¿¨·É¿¨\my third               #
#                    son\Prj\IAR\DZ10_Release\Obj\USB.o"                      #
#                    "C:\Users\lenovo\Desktop\·É¿¨·É¿¨\my third               #
#                    son\Prj\IAR\DZ10_Release\Obj\USB_CDC.o"                  #
#                    "C:\Users\lenovo\Desktop\·É¿¨·É¿¨\my third               #
#                    son\Prj\IAR\DZ10_Release\Obj\VCAN_ASCII.o"               #
#                    "C:\Users\lenovo\Desktop\·É¿¨·É¿¨\my third               #
#                    son\Prj\IAR\DZ10_Release\Obj\VCAN_BMP.o"                 #
#                    "C:\Users\lenovo\Desktop\·É¿¨·É¿¨\my third               #
#                    son\Prj\IAR\DZ10_Release\Obj\VCAN_camera.o"              #
#                    "C:\Users\lenovo\Desktop\·É¿¨·É¿¨\my third               #
#                    son\Prj\IAR\DZ10_Release\Obj\VCAN_computer.o"            #
#                    "C:\Users\lenovo\Desktop\·É¿¨·É¿¨\my third               #
#                    son\Prj\IAR\DZ10_Release\Obj\vcan_img2sd.o"              #
#                    "C:\Users\lenovo\Desktop\·É¿¨·É¿¨\my third               #
#                    son\Prj\IAR\DZ10_Release\Obj\VCAN_key.o"                 #
#                    "C:\Users\lenovo\Desktop\·É¿¨·É¿¨\my third               #
#                    son\Prj\IAR\DZ10_Release\Obj\VCAN_key_event.o"           #
#                    "C:\Users\lenovo\Desktop\·É¿¨·É¿¨\my third               #
#                    son\Prj\IAR\DZ10_Release\Obj\VCAN_LCD.o"                 #
#                    "C:\Users\lenovo\Desktop\·É¿¨·É¿¨\my third               #
#                    son\Prj\IAR\DZ10_Release\Obj\VCAN_LCD_CH.o"              #
#                    "C:\Users\lenovo\Desktop\·É¿¨·É¿¨\my third               #
#                    son\Prj\IAR\DZ10_Release\Obj\VCAN_LCD_ILI9341.o"         #
#                    "C:\Users\lenovo\Desktop\·É¿¨·É¿¨\my third               #
#                    son\Prj\IAR\DZ10_Release\Obj\VCAN_LCD_ST7735R.o"         #
#                    "C:\Users\lenovo\Desktop\·É¿¨·É¿¨\my third               #
#                    son\Prj\IAR\DZ10_Release\Obj\VCAN_LCD_ST7735S.o"         #
#                    "C:\Users\lenovo\Desktop\·É¿¨·É¿¨\my third               #
#                    son\Prj\IAR\DZ10_Release\Obj\VCAN_LED.o"                 #
#                    "C:\Users\lenovo\Desktop\·É¿¨·É¿¨\my third               #
#                    son\Prj\IAR\DZ10_Release\Obj\VCAN_MMA7455.o"             #
#                    "C:\Users\lenovo\Desktop\·É¿¨·É¿¨\my third               #
#                    son\Prj\IAR\DZ10_Release\Obj\VCAN_NRF24L0.o"             #
#                    "C:\Users\lenovo\Desktop\·É¿¨·É¿¨\my third               #
#                    son\Prj\IAR\DZ10_Release\Obj\VCAN_NRF24L0_MSG.o"         #
#                    "C:\Users\lenovo\Desktop\·É¿¨·É¿¨\my third               #
#                    son\Prj\IAR\DZ10_Release\Obj\VCAN_OV7725_Eagle.o"        #
#                    "C:\Users\lenovo\Desktop\·É¿¨·É¿¨\my third               #
#                    son\Prj\IAR\DZ10_Release\Obj\VCAN_OV7725_Wolf.o"         #
#                    "C:\Users\lenovo\Desktop\·É¿¨·É¿¨\my third               #
#                    son\Prj\IAR\DZ10_Release\Obj\VCAN_RTC_count.o"           #
#                    "C:\Users\lenovo\Desktop\·É¿¨·É¿¨\my third               #
#                    son\Prj\IAR\DZ10_Release\Obj\VCAN_SCCB.o"                #
#                    "C:\Users\lenovo\Desktop\·É¿¨·É¿¨\my third               #
#                    son\Prj\IAR\DZ10_Release\Obj\vcan_sd_app.o"              #
#                    "C:\Users\lenovo\Desktop\·É¿¨·É¿¨\my third               #
#                    son\Prj\IAR\DZ10_Release\Obj\Vcan_touch.o"               #
#                    "C:\Users\lenovo\Desktop\·É¿¨·É¿¨\my third               #
#                    son\Prj\IAR\DZ10_Release\Obj\VCAN_TSL1401.o"             #
#                    "C:\Users\lenovo\Desktop\·É¿¨·É¿¨\my third               #
#                    son\Prj\IAR\DZ10_Release\Obj\VCAN_UI_VAR.o"              #
#                    "C:\Users\lenovo\Desktop\·É¿¨·É¿¨\my third               #
#                    son\Prj\IAR\DZ10_Release\Obj\vectors.o" --redirect       #
#                    _Printf=_PrintfLargeNoMb --redirect                      #
#                    _Scanf=_ScanfLargeNoMb -o "C:\Users\lenovo\Desktop\·É¿¨· #
#                    É¿¨\my third son\Prj\IAR\DZ10_Release\Exe\vcan_Kinetis.o #
#                    ut" --map "C:\Users\lenovo\Desktop\·É¿¨·É¿¨\my third     #
#                    son\Prj\IAR\DZ10_Release\List\vcan_Kinetis.map"          #
#                    --config "C:\Users\lenovo\Desktop\·É¿¨·É¿¨\my third      #
#                    son\Prj\IAR\config files\vcan_ROM_K60N512.icf"           #
#                    "C:\Users\lenovo\Desktop\·É¿¨·É¿¨\my third               #
#                    son\Prj\IAR\..\..\Lib\CMSIS\iar_cortexM4l_math.a"        #
#                    --entry __iar_program_start --redirect                   #
#                    __write=__write_buffered --inline --vfe                  #
#                                                                             #
#                                                                             #
###############################################################################

*******************************************************************************
*** RUNTIME MODEL ATTRIBUTES
***

CppFlavor       = *
__SystemLibrary = DLib


*******************************************************************************
*** PLACEMENT SUMMARY
***

"A1":  place at 0x00000000 { ro section .intvec };
"A2":  place at 0x00000410 { ro section .noinit };
"P1":  place in [from 0x00000000 to 0x00080000] { ro, block CodeRelocate };
"P2":  place in [from 0x1fff0410 to 0x20010000] {
          rw, block CodeRelocateRam, block CSTACK, block HEAP };

  Section              Kind        Address    Size  Object
  -------              ----        -------    ----  ------
"A1":                                        0x410
  .intvec              const    0x00000000   0x410  vectors.o [1]
                              - 0x00000410   0x410

"P1", part 1 of 2:                             0x0
  .rodata              const    0x00000410     0x0  zero_init3.o [5]

"A2":                                          0x8
  .noinit              ro code  0x00000410     0x8  startup_MK60DZ10.o [1]
                              - 0x00000418     0x8

"P1", part 2 of 2:                          0x1510
  .text                ro code  0x00000418   0x434  VCAN_SCCB.o [1]
  .text                ro code  0x0000084c    0x68  MK60_gpio.o [1]
  .text                ro code  0x000008b4    0x74  MK60_port.o [1]
  .text                ro code  0x00000928   0x324  camera_test.o [1]
  .text                ro code  0x00000c4c   0x168  VCAN_OV7725_Eagle.o [1]
  .text                ro code  0x00000db4    0x18  misc.o [1]
  .text                ro code  0x00000dcc    0x48  VCAN_computer.o [1]
  .text                ro code  0x00000e14   0x158  MK60_ftm.o [1]
  .text                ro code  0x00000f6c    0x34  MK60_SysTick.o [1]
  .text                ro code  0x00000fa0    0xec  MK60_dma.o [1]
  .text                ro code  0x0000108c   0x17c  MK60_uart.o [1]
  Veneer               ro code  0x00001208     0x8  - Linker created -
  .text                ro code  0x00001210   0x1c4  MK60_mcg.o [1]
  .data_init                    0x000013d4   0x164  <Block>
    Initializer bytes  ro data  0x000013d4   0x164  <for .data-1>
  .text                ro code  0x00001538    0x22  zero_init3.o [5]
  .text                ro code  0x0000155c    0xcc  system_MK60DZ10.o [1]
  .text                ro code  0x00001628    0x2c  MK60_wdog.o [1]
  .text                ro code  0x00001654    0x48  main.o [1]
  .text                ro code  0x0000169c    0x76  ABImemcpy_unaligned.o [5]
  .text                ro code  0x00001714     0x6  ABImemclr.o [5]
  .text                ro code  0x0000171c    0x74  VCAN_LED.o [1]
  .text                ro code  0x00001790    0x24  servo.o [1]
  .text                ro code  0x000017b4    0x32  motor.o [1]
  .text                ro code  0x000017e8    0x5e  ABImemset.o [5]
  CodeRelocate                  0x00001848    0x3c  <Block>
    Initializer bytes  ro data  0x00001848    0x3c  <for CodeRelocateRam-1>
  .text                ro code  0x00001884    0x28  data_init.o [5]
  .text                ro code  0x000018ac    0x24  MK60_it.o [1]
  .iar.init_table      const    0x000018d0    0x10  - Linker created -
  .text                ro code  0x000018e0    0x1a  cmain.o [5]
  .text                ro code  0x000018fa     0x4  exit.o [3]
  .text                ro code  0x00001900     0xa  cexit.o [5]
  .text                ro code  0x0000190c     0xc  XXexit.o [5]
  .text                ro code  0x00001918     0xc  cstartup_M.o [5]
  .text                ro code  0x00001924     0x4  MK60_conf.o [1]
                              - 0x00001928  0x1510

"P2", part 1 of 2:                           0x1a0
  .data                         0x1fff0410   0x164  <Block>
    .data-1                     0x1fff0410   0x161  <Init block>
      .data            inited   0x1fff0410    0x50  camera_test.o [1]
      .data            inited   0x1fff0460    0x18  MK60_ftm.o [1]
      .data            inited   0x1fff0478    0x14  MK60_gpio.o [1]
      .data            inited   0x1fff048c    0x44  MK60_mcg.o [1]
      .data            inited   0x1fff04d0     0x4  MK60_mcg.o [1]
      .data            inited   0x1fff04d4    0x14  MK60_port.o [1]
      .data            inited   0x1fff04e8    0x18  MK60_uart.o [1]
      .data            inited   0x1fff0500     0x4  VCAN_LED.o [1]
      .data            inited   0x1fff0504     0x8  VCAN_OV7725_Eagle.o [1]
      .data            inited   0x1fff050c    0x65  VCAN_OV7725_Eagle.o [1]
  CodeRelocateRam               0x1fff0574    0x3c  <Block>
    CodeRelocateRam-1           0x1fff0574    0x3c  <Init block>
      .textrw          inited   0x1fff0574    0x3c  MK60_mcg.o [1]
                              - 0x1fff05b0   0x1a0

"P2", part 2 of 2:                          0x1580
  .bss                          0x1fff05b0  0x1580  <Block>
    .bss               zero     0x1fff05b0  0x12c3  camera_test.o [1]
    .bss               zero     0x1fff1874    0x58  camera_test.o [1]
    .bss               zero     0x1fff18cc   0x258  camera_test.o [1]
    .bss               zero     0x1fff1b24     0xc  system_MK60DZ10.o [1]
                              - 0x1fff1b30  0x1580


*******************************************************************************
*** INIT TABLE
***

          Address     Size
          -------     ----
Zero (__iar_zero_init3)
    1 destination range, total size 0x1580:
          0x1fff05b0  0x1580



*******************************************************************************
*** MODULE SUMMARY
***

    Module                 ro code  rw code  ro data  rw data
    ------                 -------  -------  -------  -------
C:\Users\lenovo\Desktop\·É¿¨·É¿¨\my third son\Prj\IAR\DZ10_Release\Obj: [1]
    MK60_SysTick.o              52
    MK60_conf.o                  4
    MK60_dma.o                 236
    MK60_ftm.o                 344                24       24
    MK60_gpio.o                104                20       20
    MK60_it.o                   36
    MK60_mcg.o                 452       60      132       72
    MK60_port.o                116                20       20
    MK60_uart.o                380                24       24
    MK60_wdog.o                 44
    VCAN_LED.o                 116                 4        4
    VCAN_OV7725_Eagle.o        360               109      109
    VCAN_SCCB.o              1 076
    VCAN_computer.o             72
    camera_test.o              804                80    5 571
    main.o                      72
    misc.o                      24
    motor.o                     50
    servo.o                     36
    startup_MK60DZ10.o           8
    system_MK60DZ10.o          204                         12
    vectors.o                                  1 040
    ---------------------------------------------------------
    Total:                   4 590       60    1 453    5 856

command line: [2]
    ---------------------------------------------------------
    Total:

dl7M_tlf.a: [3]
    exit.o                       4
    ---------------------------------------------------------
    Total:                       4

m7M_tl.a: [4]
    ---------------------------------------------------------
    Total:

rt7M_tl.a: [5]
    ABImemclr.o                  6
    ABImemcpy_unaligned.o      118
    ABImemset.o                 94
    XXexit.o                    12
    cexit.o                     10
    cmain.o                     26
    cstartup_M.o                12
    data_init.o                 40
    zero_init3.o                34
    ---------------------------------------------------------
    Total:                     352

    Gaps                        12                          1
    Linker created               8                19
-------------------------------------------------------------
    Grand Total:             4 966       60    1 472    5 857


*******************************************************************************
*** ENTRY LIST
***

Entry                      Address    Size  Type      Object
-----                      -------    ----  ----      ------
.bss$$Base              0x1fff05b0           --   Gb  - Linker created -
.bss$$Limit             0x1fff1b30           --   Gb  - Linker created -
.data$$Base             0x1fff0410           --   Gb  - Linker created -
.data$$Limit            0x1fff0574           --   Gb  - Linker created -
.data_init$$Base        0x000013d4           --   Gb  - Linker created -
.data_init$$Limit       0x00001538           --   Gb  - Linker created -
?main                   0x000018e1          Code  Gb  cmain.o [5]
CodeRelocate$$Base      0x00001848           --   Gb  - Linker created -
CodeRelocate$$Limit     0x00001884           --   Gb  - Linker created -
CodeRelocateRam$$Base   0x1fff0574           --   Gb  - Linker created -
CodeRelocateRam$$Limit  0x1fff05b0           --   Gb  - Linker created -
DMA_CH0_IRQHandler      0x000018cd     0x4  Code  Gb  MK60_it.o [1]
DataReset               0x00000be9    0x4a  Code  Gb  camera_test.o [1]
FTMN                    0x1fff0460     0xc  Data  Gb  MK60_ftm.o [1]
FTM_port_mux            0x00000e15    0xac  Code  Lc  MK60_ftm.o [1]
GPIOX                   0x1fff0478    0x14  Data  Gb  MK60_gpio.o [1]
ImageProc               0x00000955   0x294  Code  Gb  camera_test.o [1]
LED_PTxn                0x1fff0500     0x4  Data  Gb  VCAN_LED.o [1]
Motor                   0x000017b5    0x32  Code  Gb  motor.o [1]
Mycamera                0x00000929    0x2c  Code  Gb  camera_test.o [1]
PORTB_IRQHandler        0x000018ad    0x1a  Code  Gb  MK60_it.o [1]
PORTX                   0x1fff04d4    0x14  Data  Gb  MK60_port.o [1]
Region$$Table$$Base     0x000018d0           --   Gb  - Linker created -
Region$$Table$$Limit    0x000018e0           --   Gb  - Linker created -
Reset_Handler           0x00000411          Code  Gb  startup_MK60DZ10.o [1]
SCCB_GPIO_init          0x00000419    0x2a  Code  Gb  VCAN_SCCB.o [1]
SCCB_ReadByte           0x0000066f    0x24  Code  Gb  VCAN_SCCB.o [1]
SCCB_ReadByte_one       0x00000693   0x1aa  Code  Lc  VCAN_SCCB.o [1]
SCCB_SendByte           0x00000571    0x5a  Code  Lc  VCAN_SCCB.o [1]
SCCB_Start              0x00000443    0x6a  Code  Lc  VCAN_SCCB.o [1]
SCCB_Stop               0x000004ad    0x64  Code  Lc  VCAN_SCCB.o [1]
SCCB_WaitAck            0x00000511    0x60  Code  Lc  VCAN_SCCB.o [1]
SCCB_WriteByte          0x000005cb    0xa4  Code  Gb  VCAN_SCCB.o [1]
Servo                   0x00001791    0x24  Code  Gb  servo.o [1]
UARTN                   0x1fff04e8    0x18  Data  Gb  MK60_uart.o [1]
__BOOT_STACK_ADDRESS {Abs}
                        0x2000fff8           --   Gb  command line/config [2]
__VECTOR_RAM {Abs}      0x1fff0000           --   Gb  command line/config [2]
__VECTOR_TABLE {Abs}    0x00000000           --   Gb  command line/config [2]
__aeabi_memclr          0x00001715          Code  Gb  ABImemclr.o [5]
__cmain                 0x000018e1          Code  Gb  cmain.o [5]
__code_start__ {Abs}    0x00000410           --   Gb  command line/config [2]
__exit                  0x0000190d          Code  Gb  XXexit.o [5]
__iar_Memset_word       0x000017e9          Code  Gb  ABImemset.o [5]
__iar_data_init3        0x00001885    0x28  Code  Gb  data_init.o [5]
__iar_program_start     0x00001919          Code  Gb  cstartup_M.o [5]
__iar_unaligned___aeabi_memcpy
                        0x0000169d          Code  Gb  ABImemcpy_unaligned.o [5]
__iar_unaligned___aeabi_memcpy4
                        0x000016bd          Code  Gb  ABImemcpy_unaligned.o [5]
__iar_unaligned___aeabi_memcpy8
                        0x000016bd          Code  Gb  ABImemcpy_unaligned.o [5]
__iar_zero_init3        0x00001539    0x22  Code  Gb  zero_init3.o [5]
__vector_table          0x00000000   0x410  Data  Gb  vectors.o [1]
_call_main              0x000018ed          Code  Gb  cmain.o [5]
_exit                   0x00001901          Code  Gb  cexit.o [5]
_main                   0x000018f7          Code  Gb  cmain.o [5]
bus_clk_khz             0x1fff1b2c     0x4  Data  Gb  system_MK60DZ10.o [1]
centure                 0x1fff1876     0x1  Data  Gb  camera_test.o [1]
centureErr              0x1fff1877     0x1  Data  Gb  camera_test.o [1]
common_startup          0x000015af    0x48  Code  Gb  system_MK60DZ10.o [1]
core_clk_khz            0x1fff1b24     0x4  Data  Gb  system_MK60DZ10.o [1]
core_clk_mhz            0x1fff1b28     0x4  Data  Gb  system_MK60DZ10.o [1]
default_isr             0x00001925     0x2  Code  Gb  MK60_conf.o [1]
dma_portx2buff_init     0x00000fa1    0xec  Code  Gb  MK60_dma.o [1]
exit                    0x000018fb     0x4  Code  Gb  exit.o [3]
ftm_mod                 0x1fff046c     0xc  Data  Lc  MK60_ftm.o [1]
ftm_pwm_duty            0x00000f3d    0x24  Code  Gb  MK60_ftm.o [1]
ftm_pwm_init            0x00000ec1    0x7c  Code  Gb  MK60_ftm.o [1]
gpio_init               0x0000084d    0x42  Code  Gb  MK60_gpio.o [1]
gpio_set                0x0000088f    0x22  Code  Gb  MK60_gpio.o [1]
imgbuff                 0x1fff18cc   0x258  Data  Gb  camera_test.o [1]
led                     0x00001759    0x32  Code  Gb  VCAN_LED.o [1]
led_init                0x0000171d    0x3c  Code  Gb  VCAN_LED.o [1]
left                    0x1fff1878    0x50  Data  Gb  camera_test.o [1]
leftEdgeFlag            0x1fff1870     0x1  Data  Gb  camera_test.o [1]
leftPos                 0x1fff1874     0x1  Data  Gb  camera_test.o [1]
main                    0x00001655    0x48  Code  Gb  main.o [1]
mcg_cfg                 0x1fff048c    0x44  Data  Gb  MK60_mcg.o [1]
mcg_div                 0x1fff04d0     0x4  Data  Gb  MK60_mcg.o [1]
mcg_div_count           0x00001211   0x13a  Code  Gb  MK60_mcg.o [1]
ov7725_eagle_cfgnum     0x1fff0570     0x1  Data  Gb  VCAN_OV7725_Eagle.o [1]
ov7725_eagle_dma        0x00000d37    0x12  Code  Gb  VCAN_OV7725_Eagle.o [1]
ov7725_eagle_get_img    0x00000d49    0x38  Code  Gb  VCAN_OV7725_Eagle.o [1]
ov7725_eagle_img_buff   0x1fff0508     0x4  Data  Gb  VCAN_OV7725_Eagle.o [1]
ov7725_eagle_img_flag   0x1fff0504     0x1  Data  Gb  VCAN_OV7725_Eagle.o [1]
ov7725_eagle_init       0x00000c4d    0xac  Code  Gb  VCAN_OV7725_Eagle.o [1]
ov7725_eagle_reg        0x1fff050c    0x64  Data  Gb  VCAN_OV7725_Eagle.o [1]
ov7725_eagle_vsync      0x00000cf9    0x3e  Code  Gb  VCAN_OV7725_Eagle.o [1]
pll_init                0x0000134b    0x7c  Code  Gb  MK60_mcg.o [1]
port_init               0x000008b5    0x2c  Code  Gb  MK60_port.o [1]
port_init_NoALT         0x000008e1    0x38  Code  Gb  MK60_port.o [1]
right                   0x1fff0410    0x50  Data  Gb  camera_test.o [1]
rightEdgeFlag           0x1fff1871     0x1  Data  Gb  camera_test.o [1]
rightPos                0x1fff1875     0x1  Data  Gb  camera_test.o [1]
set_sys_dividers        0x1fff0575    0x3c  Code  Gb  MK60_mcg.o [1]
set_vector_handler      0x00000dbb     0x8  Code  Gb  misc.o [1]
start                   0x0000155d    0x1e  Code  Gb  system_MK60DZ10.o [1]
sysinit                 0x0000157b    0x34  Code  Gb  system_MK60DZ10.o [1]
systick_delay_ms        0x00000f6d    0x2a  Code  Gb  MK60_SysTick.o [1]
tempBuffer1             0x1fff05b0  0x12c0  Data  Gb  camera_test.o [1]
time                    0x1fff1872     0x1  Data  Gb  camera_test.o [1]
turn                    0x1fff18c8     0x4  Data  Gb  camera_test.o [1]
uart_init               0x0000108d   0x148  Code  Gb  MK60_uart.o [1]
uart_putbuff            0x000011d5    0x24  Code  Gb  MK60_uart.o [1]
vcan_sendimg            0x00000dcd    0x16  Code  Gb  VCAN_computer.o [1]
wdog_disable            0x00001629    0x26  Code  Gb  MK60_wdog.o [1]
write_vtor              0x00000db5     0x6  Code  Gb  misc.o [1]


[1] = C:\Users\lenovo\Desktop\·É¿¨·É¿¨\my third son\Prj\IAR\DZ10_Release\Obj
[2] = command line
[3] = dl7M_tlf.a
[4] = m7M_tl.a
[5] = rt7M_tl.a

  4 966 bytes of readonly  code memory
     60 bytes of readwrite code memory
  1 472 bytes of readonly  data memory
  5 857 bytes of readwrite data memory

Errors: none
Warnings: none
